Archive member included to satisfy reference by file (symbol)

d:/keil_v5/os/rtthread/env-windows-v1.3.5/tools/gnu_gcc/arm_gcc/mingw/bin/../lib/gcc/arm-none-eabi/10.3.1/../../../../arm-none-eabi/lib/thumb/v7e-m+fp/hard\libc.a(lib_a-atoi.o)
                              build\packages\dac7811\dac7811.o (atoi)
d:/keil_v5/os/rtthread/env-windows-v1.3.5/tools/gnu_gcc/arm_gcc/mingw/bin/../lib/gcc/arm-none-eabi/10.3.1/../../../../arm-none-eabi/lib/thumb/v7e-m+fp/hard\libc.a(lib_a-exit.o)
                              d:/keil_v5/os/rtthread/env-windows-v1.3.5/tools/gnu_gcc/arm_gcc/mingw/bin/../lib/gcc/arm-none-eabi/10.3.1/../../../../arm-none-eabi/lib/thumb/v7e-m+fp/hard/crt0.o (exit)
d:/keil_v5/os/rtthread/env-windows-v1.3.5/tools/gnu_gcc/arm_gcc/mingw/bin/../lib/gcc/arm-none-eabi/10.3.1/../../../../arm-none-eabi/lib/thumb/v7e-m+fp/hard\libc.a(lib_a-impure.o)
                              d:/keil_v5/os/rtthread/env-windows-v1.3.5/tools/gnu_gcc/arm_gcc/mingw/bin/../lib/gcc/arm-none-eabi/10.3.1/../../../../arm-none-eabi/lib/thumb/v7e-m+fp/hard\libc.a(lib_a-exit.o) (_global_impure_ptr)
d:/keil_v5/os/rtthread/env-windows-v1.3.5/tools/gnu_gcc/arm_gcc/mingw/bin/../lib/gcc/arm-none-eabi/10.3.1/../../../../arm-none-eabi/lib/thumb/v7e-m+fp/hard\libc.a(lib_a-memcmp.o)
                              build\kernel\components\finsh\shell.o (memcmp)
d:/keil_v5/os/rtthread/env-windows-v1.3.5/tools/gnu_gcc/arm_gcc/mingw/bin/../lib/gcc/arm-none-eabi/10.3.1/../../../../arm-none-eabi/lib/thumb/v7e-m+fp/hard\libc.a(lib_a-memset.o)
                              d:/keil_v5/os/rtthread/env-windows-v1.3.5/tools/gnu_gcc/arm_gcc/mingw/bin/../lib/gcc/arm-none-eabi/10.3.1/../../../../arm-none-eabi/lib/thumb/v7e-m+fp/hard/crt0.o (memset)
d:/keil_v5/os/rtthread/env-windows-v1.3.5/tools/gnu_gcc/arm_gcc/mingw/bin/../lib/gcc/arm-none-eabi/10.3.1/../../../../arm-none-eabi/lib/thumb/v7e-m+fp/hard\libc.a(lib_a-strcpy.o)
                              build\kernel\components\finsh\shell.o (strcpy)
d:/keil_v5/os/rtthread/env-windows-v1.3.5/tools/gnu_gcc/arm_gcc/mingw/bin/../lib/gcc/arm-none-eabi/10.3.1/../../../../arm-none-eabi/lib/thumb/v7e-m+fp/hard\libc.a(lib_a-strlen.o)
                              build\kernel\components\finsh\shell.o (strlen)
d:/keil_v5/os/rtthread/env-windows-v1.3.5/tools/gnu_gcc/arm_gcc/mingw/bin/../lib/gcc/arm-none-eabi/10.3.1/../../../../arm-none-eabi/lib/thumb/v7e-m+fp/hard\libc.a(lib_a-strncmp.o)
                              build\kernel\components\finsh\msh.o (strncmp)
d:/keil_v5/os/rtthread/env-windows-v1.3.5/tools/gnu_gcc/arm_gcc/mingw/bin/../lib/gcc/arm-none-eabi/10.3.1/../../../../arm-none-eabi/lib/thumb/v7e-m+fp/hard\libc.a(lib_a-strncpy.o)
                              build\kernel\components\finsh\shell.o (strncpy)
d:/keil_v5/os/rtthread/env-windows-v1.3.5/tools/gnu_gcc/arm_gcc/mingw/bin/../lib/gcc/arm-none-eabi/10.3.1/../../../../arm-none-eabi/lib/thumb/v7e-m+fp/hard\libc.a(lib_a-strtol.o)
                              d:/keil_v5/os/rtthread/env-windows-v1.3.5/tools/gnu_gcc/arm_gcc/mingw/bin/../lib/gcc/arm-none-eabi/10.3.1/../../../../arm-none-eabi/lib/thumb/v7e-m+fp/hard\libc.a(lib_a-atoi.o) (_strtol_r)
d:/keil_v5/os/rtthread/env-windows-v1.3.5/tools/gnu_gcc/arm_gcc/mingw/bin/../lib/gcc/arm-none-eabi/10.3.1/../../../../arm-none-eabi/lib/thumb/v7e-m+fp/hard\libc.a(lib_a-__call_atexit.o)
                              d:/keil_v5/os/rtthread/env-windows-v1.3.5/tools/gnu_gcc/arm_gcc/mingw/bin/../lib/gcc/arm-none-eabi/10.3.1/../../../../arm-none-eabi/lib/thumb/v7e-m+fp/hard\libc.a(lib_a-exit.o) (__call_exitprocs)
d:/keil_v5/os/rtthread/env-windows-v1.3.5/tools/gnu_gcc/arm_gcc/mingw/bin/../lib/gcc/arm-none-eabi/10.3.1/../../../../arm-none-eabi/lib/thumb/v7e-m+fp/hard\libc.a(lib_a-atexit.o)
                              d:/keil_v5/os/rtthread/env-windows-v1.3.5/tools/gnu_gcc/arm_gcc/mingw/bin/../lib/gcc/arm-none-eabi/10.3.1/../../../../arm-none-eabi/lib/thumb/v7e-m+fp/hard\libc.a(lib_a-__call_atexit.o) (atexit)
d:/keil_v5/os/rtthread/env-windows-v1.3.5/tools/gnu_gcc/arm_gcc/mingw/bin/../lib/gcc/arm-none-eabi/10.3.1/../../../../arm-none-eabi/lib/thumb/v7e-m+fp/hard\libc.a(lib_a-ctype_.o)
                              d:/keil_v5/os/rtthread/env-windows-v1.3.5/tools/gnu_gcc/arm_gcc/mingw/bin/../lib/gcc/arm-none-eabi/10.3.1/../../../../arm-none-eabi/lib/thumb/v7e-m+fp/hard\libc.a(lib_a-strtol.o) (_ctype_)
d:/keil_v5/os/rtthread/env-windows-v1.3.5/tools/gnu_gcc/arm_gcc/mingw/bin/../lib/gcc/arm-none-eabi/10.3.1/../../../../arm-none-eabi/lib/thumb/v7e-m+fp/hard\libc.a(lib_a-fini.o)
                              d:/keil_v5/os/rtthread/env-windows-v1.3.5/tools/gnu_gcc/arm_gcc/mingw/bin/../lib/gcc/arm-none-eabi/10.3.1/../../../../arm-none-eabi/lib/thumb/v7e-m+fp/hard\libc.a(lib_a-__call_atexit.o) (__libc_fini_array)
d:/keil_v5/os/rtthread/env-windows-v1.3.5/tools/gnu_gcc/arm_gcc/mingw/bin/../lib/gcc/arm-none-eabi/10.3.1/../../../../arm-none-eabi/lib/thumb/v7e-m+fp/hard\libc.a(lib_a-lock.o)
[...]
Memory Configuration

Name             Origin             Length             Attributes
CODE             0x08000000         0x00080000         xr
DATA             0x20000000         0x00010000         rw
*default*        0x00000000         0xffffffff

Linker script and memory map

LOAD d:/keil_v5/os/rtthread/env-windows-v1.3.5/tools/gnu_gcc/arm_gcc/mingw/bin/../lib/gcc/arm-none-eabi/10.3.1/thumb/v7e-m+fp/hard/crti.o
LOAD d:/keil_v5/os/rtthread/env-windows-v1.3.5/tools/gnu_gcc/arm_gcc/mingw/bin/../lib/gcc/arm-none-eabi/10.3.1/thumb/v7e-m+fp/hard/crtbegin.o
LOAD d:/keil_v5/os/rtthread/env-windows-v1.3.5/tools/gnu_gcc/arm_gcc/mingw/bin/../lib/gcc/arm-none-eabi/10.3.1/../../../../arm-none-eabi/lib/thumb/v7e-m+fp/hard/crt0.o
LOAD build\applications\rs232_link.o
LOAD build\applications\main.o
LOAD libraries\GD32F30x_Firmware_Library\CMSIS\GD\GD32F30x\Source\GCC\startup_gd32f30x_hd.o
LOAD build\board\board.o
LOAD build\packages\ad7190\ad7190.o
LOAD build\packages\ad983x\ad983x.o
LOAD build\packages\cobs\cobs.o
LOAD build\packages\dac7811\dac7811.o
LOAD build\kernel\src\mem.o
LOAD build\kernel\src\thread.o
LOAD build\kernel\src\object.o
LOAD build\kernel\src\timer.o
LOAD build\kernel\src\idle.o
LOAD build\kernel\src\components.o
LOAD build\kernel\src\device.o
LOAD build\kernel\src\mempool.o
LOAD build\kernel\src\scheduler.o
LOAD build\kernel\src\ipc.o
LOAD build\kernel\src\clock.o
LOAD build\kernel\src\irq.o
LOAD build\kernel\src\kservice.o
LOAD build\kernel\libcpu\arm\common\div0.o
LOAD build\kernel\libcpu\arm\common\showmem.o
LOAD build\kernel\libcpu\arm\common\backtrace.o
LOAD build\kernel\libcpu\arm\cortex-m4\context_gcc.o
LOAD build\kernel\libcpu\arm\cortex-m4\cpuport.o
LOAD build\kernel\components\finsh\shell.o
LOAD build\kernel\components\finsh\msh.o
LOAD build\kernel\components\finsh\cmd.o
LOAD build\kernel\components\libc\compilers\common\stdlib.o
LOAD build\kernel\components\libc\compilers\common\time.o
LOAD build\kernel\components\libc\compilers\newlib\syscalls.o
LOAD build\kernel\components\utilities\ulog\ulog.o
LOAD build\kernel\components\utilities\ulog\backend\console_be.o
LOAD libraries\GD32F30x_Firmware_Library\CMSIS\GD\GD32F30x\Source\system_gd32f30x.o
LOAD libraries\GD32F30x_Firmware_Library\GD32F30x_standard_peripheral\Source\gd32f30x_rcu.o
LOAD libraries\GD32F30x_Firmware_Library\GD32F30x_standard_peripheral\Source\gd32f30x_dma.o
LOAD libraries\GD32F30x_Firmware_Library\GD32F30x_standard_peripheral\Source\gd32f30x_usart.o
LOAD libraries\GD32F30x_Firmware_Library\GD32F30x_standard_peripheral\Source\gd32f30x_exti.o
LOAD libraries\GD32F30x_Firmware_Library\GD32F30x_standard_peripheral\Source\gd32f30x_gpio.o
LOAD libraries\GD32F30x_Firmware_Library\GD32F30x_standard_peripheral\Source\gd32f30x_misc.o
LOAD libraries\GD32F30x_Firmware_Library\GD32F30x_standard_peripheral\Source\gd32f30x_spi.o
LOAD libraries\gd32_drivers\drv_gpio.o
LOAD libraries\gd32_drivers\drv_soft_spi.o
LOAD libraries\gd32_drivers\drv_usart.o
LOAD libraries\gd32_drivers\drv_spi.o
LOAD build\kernel\components\drivers\ipc\pipe.o
LOAD build\kernel\components\drivers\ipc\dataqueue.o
LOAD build\kernel\components\drivers\ipc\waitqueue.o
LOAD build\kernel\components\drivers\ipc\workqueue.o
LOAD build\kernel\components\drivers\ipc\ringbuffer.o
LOAD build\kernel\components\drivers\ipc\ringblk_buf.o
LOAD build\kernel\components\drivers\ipc\completion.o
LOAD build\kernel\components\drivers\misc\pin.o
LOAD build\kernel\components\drivers\serial\serial.o
LOAD build\kernel\components\drivers\spi\spi_core.o
LOAD build\kernel\components\drivers\spi\spi_dev.o
LOAD build\kernel\components\drivers\spi\spi-bit-ops.o
LOAD d:/keil_v5/os/rtthread/env-windows-v1.3.5/tools/gnu_gcc/arm_gcc/mingw/bin/../lib/gcc/arm-none-eabi/10.3.1/../../../../arm-none-eabi/lib/thumb/v7e-m+fp/hard\libm.a
LOAD d:/keil_v5/os/rtthread/env-windows-v1.3.5/tools/gnu_gcc/arm_gcc/mingw/bin/../lib/gcc/arm-none-eabi/10.3.1/../../../../arm-none-eabi/lib/thumb/v7e-m+fp/hard\libc.a
START GROUP
LOAD d:/keil_v5/os/rtthread/env-windows-v1.3.5/tools/gnu_gcc/arm_gcc/mingw/bin/../lib/gcc/arm-none-eabi/10.3.1/thumb/v7e-m+fp/hard\libgcc.a
LOAD d:/keil_v5/os/rtthread/env-windows-v1.3.5/tools/gnu_gcc/arm_gcc/mingw/bin/../lib/gcc/arm-none-eabi/10.3.1/../../../../arm-none-eabi/lib/thumb/v7e-m+fp/hard\libc.a
END GROUP
LOAD d:/keil_v5/os/rtthread/env-windows-v1.3.5/tools/gnu_gcc/arm_gcc/mingw/bin/../lib/gcc/arm-none-eabi/10.3.1/thumb/v7e-m+fp/hard/crtend.o
LOAD d:/keil_v5/os/rtthread/env-windows-v1.3.5/tools/gnu_gcc/arm_gcc/mingw/bin/../lib/gcc/arm-none-eabi/10.3.1/thumb/v7e-m+fp/hard/crtn.o
                0x00000200                _system_stack_size = 0x200

.text           0x08000000    0x126c8
                0x08000000                . = ALIGN (0x4)
                0x08000000                _stext = .
 *(.isr_vector)
 .isr_vector    0x08000000      0x130 libraries\GD32F30x_Firmware_Library\CMSIS\GD\GD32F30x\Source\GCC\startup_gd32f30x_hd.o
                0x08000000                g_pfnVectors
                0x08000130                . = ALIGN (0x4)
 *(.text)
 .text          0x08000130      0x13c build\kernel\libcpu\arm\cortex-m4\context_gcc.o
                0x08000130                rt_hw_interrupt_disable
                0x08000138                rt_hw_interrupt_enable
                0x0800013e                rt_hw_context_switch_interrupt
                0x0800013e                rt_hw_context_switch
                0x0800015e                PendSV_Handler
                0x080001ca                rt_hw_context_switch_to
                0x08000210                rt_hw_interrupt_thread_switch
                0x08000214                HardFault_Handler
 *fill*         0x0800026c       0x14 00000000
 .text          0x08000280       0xdc d:/keil_v5/os/rtthread/env-windows-v1.3.5/tools/gnu_gcc/arm_gcc/mingw/bin/../lib/gcc/arm-none-eabi/10.3.1/../../../../arm-none-eabi/lib/thumb/v7e-m+fp/hard\libc.a(lib_a-strlen.o)
                0x08000280                strlen
 .text          0x0800035c      0x424 d:/keil_v5/os/rtthread/env-windows-v1.3.5/tools/gnu_gcc/arm_gcc/mingw/bin/../lib/gcc/arm-none-eabi/10.3.1/thumb/v7e-m+fp/hard\libgcc.a(_arm_muldivdf3.o)
                0x0800035c                __aeabi_dmul
                0x0800035c                __muldf3
                0x080005b0                __divdf3
                0x080005b0                __aeabi_ddiv
 .text          0x08000780       0x40 d:/keil_v5/os/rtthread/env-windows-v1.3.5/tools/gnu_gcc/arm_gcc/mingw/bin/../lib/gcc/arm-none-eabi/10.3.1/thumb/v7e-m+fp/hard\libgcc.a(_arm_fixunsdfsi.o)
                0x08000780                __aeabi_d2uiz
                0x08000780                __fixunsdfsi
 *(.text.*)
 .text.unpack_uint8
                0x080007c0       0x2c build\applications\rs232_link.o
 .text.unpack_uint16
                0x080007ec       0x3e build\applications\rs232_link.o
 .text.unpack_uint32
                0x0800082a       0x62 build\applications\rs232_link.o
 .text.uart_rx_ind
                0x0800088c       0x20 build\applications\rs232_link.o
 .text.uart_tx_cmplt
                0x080008ac       0x20 build\applications\rs232_link.o
 .text.rs232_process_frame
                0x080008cc      0x12c build\applications\rs232_link.o
 .text.rs232_rx_thread_entry
                0x080009f8       0x60 build\applications\rs232_link.o
 .text.rs232_tx_thread_entry
                0x08000a58       0x70 build\applications\rs232_link.o
 .text.rs232_link
                0x08000ac8      0x150 build\applications\rs232_link.o
 .text.main     0x08000c18       0x48 build\applications\main.o
                0x08000c18                main
 .text.Reset_Handler
                0x08000c60       0x50 libraries\GD32F30x_Firmware_Library\CMSIS\GD\GD32F30x\Source\GCC\startup_gd32f30x_hd.o
                0x08000c60                Reset_Handler
                0x08000c8a                NMI_Handler
                0x08000c8c                MemManage_Handler
                0x08000c8e                BusFault_Handler
                0x08000c90                UsageFault_Handler
                0x08000c92                SVC_Handler
                0x08000c94                DebugMon_Handler
 .text.Default_Handler
                0x08000cb0        0x2 libraries\GD32F30x_Firmware_Library\CMSIS\GD\GD32F30x\Source\GCC\startup_gd32f30x_hd.o
                0x08000cb0                RTC_Alarm_IRQHandler
                0x08000cb0                TIMER2_IRQHandler
                0x08000cb0                TIMER5_IRQHandler
                0x08000cb0                LVD_IRQHandler
                0x08000cb0                TIMER0_BRK_IRQHandler
                0x08000cb0                ADC0_1_IRQHandler
                0x08000cb0                TIMER0_UP_IRQHandler
                0x08000cb0                SDIO_IRQHandler
                0x08000cb0                TIMER3_IRQHandler
                0x08000cb0                DMA0_Channel6_IRQHandler
                0x08000cb0                I2C0_EV_IRQHandler
                0x08000cb0                TIMER4_IRQHandler
                0x08000cb0                SPI1_IRQHandler
                0x08000cb0                DMA0_Channel0_IRQHandler
                0x08000cb0                TAMPER_IRQHandler
                0x08000cb0                DMA1_Channel0_IRQHandler
                0x08000cb0                TIMER6_IRQHandler
                0x08000cb0                I2C0_ER_IRQHandler
                0x08000cb0                RTC_IRQHandler
                0x08000cb0                TIMER7_UP_IRQHandler
                0x08000cb0                DMA0_Channel2_IRQHandler
                0x08000cb0                TIMER1_IRQHandler
                0x08000cb0                TIMER7_TRG_CMT_IRQHandler
                0x08000cb0                TIMER0_TRG_CMT_IRQHandler
                0x08000cb0                I2C1_EV_IRQHandler
                0x08000cb0                UART4_IRQHandler
                0x08000cb0                DMA1_Channel1_IRQHandler
                0x08000cb0                Default_Handler
                0x08000cb0                TIMER7_Channel_IRQHandler
                0x08000cb0                WWDGT_IRQHandler
                0x08000cb0                EXMC_IRQHandler
                0x08000cb0                ADC2_IRQHandler
                0x08000cb0                SPI2_IRQHandler
                0x08000cb0                USBD_WKUP_IRQHandler
                0x08000cb0                RCU_CTC_IRQHandler
                0x08000cb0                TIMER7_BRK_IRQHandler
                0x08000cb0                USBD_HP_CAN0_TX_IRQHandler
                0x08000cb0                CAN0_RX1_IRQHandler
                0x08000cb0                DMA0_Channel5_IRQHandler
                0x08000cb0                DMA0_Channel1_IRQHandler
                0x08000cb0                TIMER0_Channel_IRQHandler
                0x08000cb0                SPI0_IRQHandler
                0x08000cb0                DMA1_Channel3_4_IRQHandler
                0x08000cb0                USART2_IRQHandler
                0x08000cb0                CAN0_EWMC_IRQHandler
                0x08000cb0                DMA1_Channel2_IRQHandler
                0x08000cb0                USBD_LP_CAN0_RX0_IRQHandler
                0x08000cb0                USART1_IRQHandler
                0x08000cb0                UART3_IRQHandler
                0x08000cb0                I2C1_ER_IRQHandler
                0x08000cb0                FMC_IRQHandler
 *fill*         0x08000cb2        0x2 00000000
 .text.NVIC_SetPriority
                0x08000cb4       0x54 build\board\board.o
 .text.SysTick_Config
                0x08000d08       0x44 build\board\board.o
 .text.SystemClock_Config
                0x08000d4c       0x2c build\board\board.o
                0x08000d4c                SystemClock_Config
 .text.SysTick_Handler
                0x08000d78       0x14 build\board\board.o
                0x08000d78                SysTick_Handler
 .text.rt_hw_board_init
                0x08000d8c      0x138 build\board\board.o
                0x08000d8c                rt_hw_board_init
 .text.rt_spi_send
                0x08000ec4       0x22 build\packages\ad7190\ad7190.o
 *fill*         0x08000ee6        0x2 00000000
 .text.ad7190_hw_init
                0x08000ee8       0x80 build\packages\ad7190\ad7190.o
 .text.ad9710_set_drdy_it
                0x08000f68       0x12 build\packages\ad7190\ad7190.o
 .text.ad9710_set_drdy_spi
                0x08000f7a       0x12 build\packages\ad7190\ad7190.o
 .text.gpio_udelay
                0x08000f8c       0x30 build\packages\ad7190\ad7190.o
 .text.ad7190_read_spi
                0x08000fbc       0x90 build\packages\ad7190\ad7190.o
                0x08000fbc                ad7190_read_spi
 .text.ad7190_read_adc
                0x0800104c       0x70 build\packages\ad7190\ad7190.o
 .text.ad7190_init
                0x080010bc      0x158 build\packages\ad7190\ad7190.o
 .text.rt_spi_send
                0x08001214       0x22 build\packages\ad983x\ad983x.o
 *fill*         0x08001236        0x2 00000000
 .text.AD983X_SetRegisterValue
                0x08001238       0x4c build\packages\ad983x\ad983x.o
                0x08001238                AD983X_SetRegisterValue
 *fill*         0x08001284        0x4 00000000
 .text.freq_2_reg
                0x08001288       0x4c build\packages\ad983x\ad983x.o
                0x08001288                freq_2_reg
 .text.ad983x_set_frequency
                0x080012d4       0x5a build\packages\ad983x\ad983x.o
                0x080012d4                ad983x_set_frequency
 .text.ad983x_set_phase
                0x0800132e       0x32 build\packages\ad983x\ad983x.o
                0x0800132e                ad983x_set_phase
 .text.ad983x_hw_init
                0x08001360       0xa0 build\packages\ad983x\ad983x.o
 .text.ad983x_init
                0x08001400       0xe0 build\packages\ad983x\ad983x.o
 .text.cobs_crc_reset
                0x080014e0       0x20 build\packages\cobs\cobs.o
 .text.cobs_crc_get
                0x08001500       0x28 build\packages\cobs\cobs.o
 .text.cobs_crc_one_byte
                0x08001528       0x48 build\packages\cobs\cobs.o
 .text.cobs_decode_one_byte
                0x08001570       0x30 build\packages\cobs\cobs.o
 .text.cobs_decode_reset
                0x080015a0       0x30 build\packages\cobs\cobs.o
 .text.cobs_decode_init
                0x080015d0       0x1e build\packages\cobs\cobs.o
                0x080015d0                cobs_decode_init
 .text.cobs_decode_frame
                0x080015ee       0xec build\packages\cobs\cobs.o
                0x080015ee                cobs_decode_frame
 .text.cobs_encode_reset
                0x080016da       0x36 build\packages\cobs\cobs.o
                0x080016da                cobs_encode_reset
 .text.cobs_encode_end_block
                0x08001710       0x3e build\packages\cobs\cobs.o
 *fill*         0x0800174e        0x2 00000000
 .text.cobs_encode_frame
                0x08001750       0xb8 build\packages\cobs\cobs.o
                0x08001750                cobs_encode_frame
 .text.cobs_encode_end_frame
                0x08001808       0x4e build\packages\cobs\cobs.o
                0x08001808                cobs_encode_end_frame
 *fill*         0x08001856        0x2 00000000
 .text.dac7811_hw_init
                0x08001858       0x58 build\packages\dac7811\dac7811.o
 .text.dac7811_set_shift_reg
                0x080018b0       0x64 build\packages\dac7811\dac7811.o
                0x080018b0                dac7811_set_shift_reg
 .text.ad7811_init
                0x08001914       0x18 build\packages\dac7811\dac7811.o
 .text.dac7811_set
                0x0800192c       0xb4 build\packages\dac7811\dac7811.o
 .text.plug_holes
                0x080019e0       0xf8 build\kernel\src\mem.o
 .text.rt_smem_init
                0x08001ad8      0x104 build\kernel\src\mem.o
                0x08001ad8                rt_smem_init
 .text.rt_smem_alloc
                0x08001bdc      0x268 build\kernel\src\mem.o
                0x08001bdc                rt_smem_alloc
 .text.rt_smem_free
                0x08001e44      0x140 build\kernel\src\mem.o
                0x08001e44                rt_smem_free
 .text.rt_list_init
                0x08001f84       0x22 build\kernel\src\thread.o
 .text.rt_list_remove
                0x08001fa6       0x36 build\kernel\src\thread.o
 .text._thread_exit
                0x08001fdc       0x42 build\kernel\src\thread.o
 *fill*         0x0800201e        0x2 00000000
 .text._thread_timeout
                0x08002020       0x8c build\kernel\src\thread.o
 .text._thread_init
                0x080020ac       0xfc build\kernel\src\thread.o
 .text.rt_thread_init
                0x080021a8       0x70 build\kernel\src\thread.o
                0x080021a8                rt_thread_init
 .text.rt_thread_self
                0x08002218       0x18 build\kernel\src\thread.o
                0x08002218                rt_thread_self
 .text.rt_thread_startup
                0x08002230       0x94 build\kernel\src\thread.o
                0x08002230                rt_thread_startup
 .text.rt_thread_detach
                0x080022c4       0xb0 build\kernel\src\thread.o
                0x080022c4                rt_thread_detach
 .text.rt_thread_create
                0x08002374       0x62 build\kernel\src\thread.o
                0x08002374                rt_thread_create
 *fill*         0x080023d6        0x2 00000000
 .text.rt_thread_delete
                0x080023d8       0xb0 build\kernel\src\thread.o
                0x080023d8                rt_thread_delete
 .text.rt_thread_sleep
                0x08002488       0x94 build\kernel\src\thread.o
                0x08002488                rt_thread_sleep
 .text.rt_thread_mdelay
                0x0800251c       0x20 build\kernel\src\thread.o
                0x0800251c                rt_thread_mdelay
 .text.rt_thread_control
                0x0800253c       0xfc build\kernel\src\thread.o
                0x0800253c                rt_thread_control
 .text.rt_thread_suspend
                0x08002638       0xc8 build\kernel\src\thread.o
                0x08002638                rt_thread_suspend
 .text.rt_thread_resume
                0x08002700       0x98 build\kernel\src\thread.o
                0x08002700                rt_thread_resume
 .text.rt_list_insert_after
                0x08002798       0x32 build\kernel\src\object.o
 .text.rt_list_remove
                0x080027ca       0x36 build\kernel\src\object.o
 .text.rt_object_get_information
                0x08002800       0x48 build\kernel\src\object.o
                0x08002800                rt_object_get_information
 .text.rt_object_init
                0x08002848       0xcc build\kernel\src\object.o
                0x08002848                rt_object_init
 .text.rt_object_detach
                0x08002914       0x5c build\kernel\src\object.o
                0x08002914                rt_object_detach
 .text.rt_object_allocate
                0x08002970       0xd8 build\kernel\src\object.o
                0x08002970                rt_object_allocate
 .text.rt_object_delete
                0x08002a48       0x7c build\kernel\src\object.o
                0x08002a48                rt_object_delete
 .text.rt_object_is_systemobject
                0x08002ac4       0x3c build\kernel\src\object.o
                0x08002ac4                rt_object_is_systemobject
 .text.rt_object_get_type
                0x08002b00       0x34 build\kernel\src\object.o
                0x08002b00                rt_object_get_type
 .text.rt_object_find
                0x08002b34       0xb4 build\kernel\src\object.o
                0x08002b34                rt_object_find
 .text.rt_list_init
                0x08002be8       0x22 build\kernel\src\timer.o
 .text.rt_list_insert_after
                0x08002c0a       0x32 build\kernel\src\timer.o
 .text.rt_list_remove
                0x08002c3c       0x36 build\kernel\src\timer.o
 .text.rt_list_isempty
                0x08002c72       0x24 build\kernel\src\timer.o
 .text._timer_init
                0x08002c96       0x6a build\kernel\src\timer.o
 .text._timer_remove
                0x08002d00       0x36 build\kernel\src\timer.o
 *fill*         0x08002d36        0x2 00000000
 .text.rt_timer_init
                0x08002d38       0x7c build\kernel\src\timer.o
                0x08002d38                rt_timer_init
 .text.rt_timer_detach
                0x08002db4       0x90 build\kernel\src\timer.o
                0x08002db4                rt_timer_detach
 .text.rt_timer_start
                0x08002e44      0x1d0 build\kernel\src\timer.o
                0x08002e44                rt_timer_start
 .text.rt_timer_stop
                0x08003014       0x94 build\kernel\src\timer.o
                0x08003014                rt_timer_stop
 .text.rt_timer_control
                0x080030a8       0xf8 build\kernel\src\timer.o
                0x080030a8                rt_timer_control
 .text.rt_timer_check
                0x080031a0      0x108 build\kernel\src\timer.o
                0x080031a0                rt_timer_check
 .text.rt_system_timer_init
                0x080032a8       0x34 build\kernel\src\timer.o
                0x080032a8                rt_system_timer_init
 .text.rt_system_timer_thread_init
                0x080032dc        0xe build\kernel\src\timer.o
                0x080032dc                rt_system_timer_thread_init
 .text.rt_list_insert_after
                0x080032ea       0x32 build\kernel\src\idle.o
 .text.rt_list_remove
                0x0800331c       0x36 build\kernel\src\idle.o
 *fill*         0x08003352        0x2 00000000
 .text.rt_thread_defunct_enqueue
                0x08003354       0x20 build\kernel\src\idle.o
                0x08003354                rt_thread_defunct_enqueue
 .text.rt_thread_defunct_dequeue
                0x08003374       0x44 build\kernel\src\idle.o
                0x08003374                rt_thread_defunct_dequeue
 .text.rt_defunct_execute
                0x080033b8       0x54 build\kernel\src\idle.o
 .text.rt_thread_idle_entry
                0x0800340c       0x38 build\kernel\src\idle.o
 .text.rt_thread_idle_init
                0x08003444       0x78 build\kernel\src\idle.o
                0x08003444                rt_thread_idle_init
 .text.rti_start
                0x080034bc       0x10 build\kernel\src\components.o
 .text.rti_board_start
                0x080034cc       0x10 build\kernel\src\components.o
 .text.rti_board_end
                0x080034dc       0x10 build\kernel\src\components.o
 .text.rti_end  0x080034ec       0x10 build\kernel\src\components.o
 .text.rt_components_board_init
                0x080034fc       0x34 build\kernel\src\components.o
                0x080034fc                rt_components_board_init
 .text.rt_components_init
                0x08003530       0x34 build\kernel\src\components.o
                0x08003530                rt_components_init
 .text.entry    0x08003564        0xe build\kernel\src\components.o
                0x08003564                entry
 .text.main_thread_entry
                0x08003572       0x18 build\kernel\src\components.o
                0x08003572                main_thread_entry
 *fill*         0x0800358a        0x2 00000000
 .text.rt_application_init
                0x0800358c       0x4c build\kernel\src\components.o
                0x0800358c                rt_application_init
 .text.rtthread_startup
                0x080035d8       0x2e build\kernel\src\components.o
                0x080035d8                rtthread_startup
 .text.rt_device_register
                0x08003606       0x54 build\kernel\src\device.o
                0x08003606                rt_device_register
 .text.rt_device_find
                0x0800365a       0x1a build\kernel\src\device.o
                0x0800365a                rt_device_find
 .text.rt_device_open
                0x08003674      0x108 build\kernel\src\device.o
                0x08003674                rt_device_open
 .text.rt_device_close
                0x0800377c       0x9c build\kernel\src\device.o
                0x0800377c                rt_device_close
 .text.rt_device_read
                0x08003818       0x88 build\kernel\src\device.o
                0x08003818                rt_device_read
 .text.rt_device_write
                0x080038a0       0x88 build\kernel\src\device.o
                0x080038a0                rt_device_write
 .text.rt_device_control
                0x08003928       0x68 build\kernel\src\device.o
                0x08003928                rt_device_control
 .text.rt_device_set_rx_indicate
                0x08003990       0x54 build\kernel\src\device.o
                0x08003990                rt_device_set_rx_indicate
 .text.rt_device_set_tx_complete
                0x080039e4       0x54 build\kernel\src\device.o
                0x080039e4                rt_device_set_tx_complete
 .text.rt_list_init
                0x08003a38       0x22 build\kernel\src\scheduler.o
 .text.rt_list_insert_before
                0x08003a5a       0x32 build\kernel\src\scheduler.o
 .text.rt_list_remove
                0x08003a8c       0x36 build\kernel\src\scheduler.o
 .text.rt_list_isempty
                0x08003ac2       0x24 build\kernel\src\scheduler.o
 *fill*         0x08003ae6        0x2 00000000
 .text._rt_scheduler_stack_check
                0x08003ae8       0x94 build\kernel\src\scheduler.o
 .text._scheduler_get_highest_priority_thread
                0x08003b7c       0x38 build\kernel\src\scheduler.o
 .text.rt_system_scheduler_init
                0x08003bb4       0x38 build\kernel\src\scheduler.o
                0x08003bb4                rt_system_scheduler_init
 .text.rt_system_scheduler_start
                0x08003bec       0x38 build\kernel\src\scheduler.o
                0x08003bec                rt_system_scheduler_start
 .text.rt_schedule
                0x08003c24      0x19c build\kernel\src\scheduler.o
                0x08003c24                rt_schedule
 .text.rt_schedule_insert_thread
                0x08003dc0       0xac build\kernel\src\scheduler.o
                0x08003dc0                rt_schedule_insert_thread
 .text.rt_schedule_remove_thread
                0x08003e6c       0x70 build\kernel\src\scheduler.o
                0x08003e6c                rt_schedule_remove_thread
 .text.rt_enter_critical
                0x08003edc       0x2c build\kernel\src\scheduler.o
                0x08003edc                rt_enter_critical
 .text.rt_exit_critical
                0x08003f08       0x54 build\kernel\src\scheduler.o
                0x08003f08                rt_exit_critical
 .text.rt_critical_level
                0x08003f5c       0x1c build\kernel\src\scheduler.o
                0x08003f5c                rt_critical_level
 .text.rt_list_init
                0x08003f78       0x22 build\kernel\src\ipc.o
 .text.rt_list_insert_before
                0x08003f9a       0x32 build\kernel\src\ipc.o
 .text.rt_list_isempty
                0x08003fcc       0x24 build\kernel\src\ipc.o
 .text._ipc_object_init
                0x08003ff0       0x1c build\kernel\src\ipc.o
 .text._ipc_list_suspend
                0x0800400c       0xa4 build\kernel\src\ipc.o
 .text._ipc_list_resume
                0x080040b0       0x20 build\kernel\src\ipc.o
 .text._ipc_list_resume_all
                0x080040d0       0x46 build\kernel\src\ipc.o
 *fill*         0x08004116        0x2 00000000
 .text.rt_sem_init
                0x08004118       0x88 build\kernel\src\ipc.o
                0x08004118                rt_sem_init
 .text.rt_sem_take
                0x080041a0      0x190 build\kernel\src\ipc.o
                0x080041a0                rt_sem_take
 .text.rt_sem_trytake
                0x08004330       0x1a build\kernel\src\ipc.o
                0x08004330                rt_sem_trytake
 *fill*         0x0800434a        0x2 00000000
 .text.rt_sem_release
                0x0800434c       0xbc build\kernel\src\ipc.o
                0x0800434c                rt_sem_release
 .text.rt_sem_control
                0x08004408       0x84 build\kernel\src\ipc.o
                0x08004408                rt_sem_control
 .text.rt_mutex_init
                0x0800448c       0x64 build\kernel\src\ipc.o
                0x0800448c                rt_mutex_init
 .text.rt_mutex_take
                0x080044f0      0x21c build\kernel\src\ipc.o
                0x080044f0                rt_mutex_take
 .text.rt_mutex_release
                0x0800470c      0x1bc build\kernel\src\ipc.o
                0x0800470c                rt_mutex_release
 .text.rt_mq_init
                0x080048c8       0xec build\kernel\src\ipc.o
                0x080048c8                rt_mq_init
 .text.rt_mq_recv
                0x080049b4      0x2c0 build\kernel\src\ipc.o
                0x080049b4                rt_mq_recv
 .text.rt_tick_get
                0x08004c74       0x18 build\kernel\src\clock.o
                0x08004c74                rt_tick_get
 .text.rt_tick_increase
                0x08004c8c       0x7c build\kernel\src\clock.o
                0x08004c8c                rt_tick_increase
 .text.rt_tick_from_millisecond
                0x08004d08       0x74 build\kernel\src\clock.o
                0x08004d08                rt_tick_from_millisecond
 .text.rt_interrupt_enter
                0x08004d7c       0x40 build\kernel\src\irq.o
                0x08004d7c                rt_interrupt_enter
 .text.rt_interrupt_leave
                0x08004dbc       0x40 build\kernel\src\irq.o
                0x08004dbc                rt_interrupt_leave
 .text.rt_interrupt_get_nest
                0x08004dfc       0x28 build\kernel\src\irq.o
                0x08004dfc                rt_interrupt_get_nest
 .text.rt_set_errno
                0x08004e24       0x40 build\kernel\src\kservice.o
                0x08004e24                rt_set_errno
 .text._rt_errno
                0x08004e64       0x34 build\kernel\src\kservice.o
                0x08004e64                _rt_errno
 .text.rt_memset
                0x08004e98       0xb6 build\kernel\src\kservice.o
                0x08004e98                rt_memset
 .text.rt_memcpy
                0x08004f4e       0xd2 build\kernel\src\kservice.o
                0x08004f4e                rt_memcpy
 .text.rt_memmove
                0x08005020       0x82 build\kernel\src\kservice.o
                0x08005020                rt_memmove
 .text.rt_strncpy
                0x080050a2       0x64 build\kernel\src\kservice.o
                0x080050a2                rt_strncpy
 .text.rt_strncmp
                0x08005106       0x4a build\kernel\src\kservice.o
                0x08005106                rt_strncmp
 .text.rt_strlen
                0x08005150       0x2e build\kernel\src\kservice.o
                0x08005150                rt_strlen
 *fill*         0x0800517e        0x2 00000000
 .text.rt_show_version
                0x08005180       0x4c build\kernel\src\kservice.o
                0x08005180                rt_show_version
 .text.divide   0x080051cc       0x68 build\kernel\src\kservice.o
 .text.skip_atoi
                0x08005234       0x40 build\kernel\src\kservice.o
 .text.print_number
                0x08005274      0x1d8 build\kernel\src\kservice.o
 .text.rt_vsnprintf
                0x0800544c      0x4ac build\kernel\src\kservice.o
                0x0800544c                rt_vsnprintf
 .text.rt_vsprintf
                0x080058f8       0x24 build\kernel\src\kservice.o
                0x080058f8                rt_vsprintf
 .text.rt_sprintf
                0x0800591c       0x2c build\kernel\src\kservice.o
                0x0800591c                rt_sprintf
 .text.rt_console_get_device
                0x08005948       0x18 build\kernel\src\kservice.o
                0x08005948                rt_console_get_device
 .text.rt_console_set_device
                0x08005960       0x58 build\kernel\src\kservice.o
                0x08005960                rt_console_set_device
 .text.rt_hw_console_output
                0x080059b8       0x14 build\kernel\src\kservice.o
                0x080059b8                rt_hw_console_output
 .text.rt_kputs
                0x080059cc       0x44 build\kernel\src\kservice.o
                0x080059cc                rt_kputs
 .text.rt_kprintf
                0x08005a10       0x60 build\kernel\src\kservice.o
                0x08005a10                rt_kprintf
 .text._heap_lock_init
                0x08005a70       0x1c build\kernel\src\kservice.o
 .text._heap_lock
                0x08005a8c       0x28 build\kernel\src\kservice.o
 .text._heap_unlock
                0x08005ab4       0x40 build\kernel\src\kservice.o
 .text._smem_info
                0x08005af4       0x4c build\kernel\src\kservice.o
 .text.rt_system_heap_init
                0x08005b40       0x64 build\kernel\src\kservice.o
                0x08005b40                rt_system_heap_init
 .text.rt_malloc
                0x08005ba4       0x48 build\kernel\src\kservice.o
                0x08005ba4                rt_malloc
 .text.rt_calloc
                0x08005bec       0x3c build\kernel\src\kservice.o
                0x08005bec                rt_calloc
 .text.rt_free  0x08005c28       0x38 build\kernel\src\kservice.o
                0x08005c28                rt_free
 .text.rt_memory_info
                0x08005c60       0x2a build\kernel\src\kservice.o
                0x08005c60                rt_memory_info
 *fill*         0x08005c8a        0x2 00000000
 .text.__rt_ffs
                0x08005c8c       0x70 build\kernel\src\kservice.o
                0x08005c8c                __rt_ffs
 .text.rt_assert_handler
                0x08005cfc       0x4c build\kernel\src\kservice.o
                0x08005cfc                rt_assert_handler
 .text.rt_hw_stack_init
                0x08005d48       0x90 build\kernel\libcpu\arm\cortex-m4\cpuport.o
                0x08005d48                rt_hw_stack_init
 .text.usage_fault_track
                0x08005dd8       0xc4 build\kernel\libcpu\arm\cortex-m4\cpuport.o
 .text.bus_fault_track
                0x08005e9c       0xcc build\kernel\libcpu\arm\cortex-m4\cpuport.o
 .text.mem_manage_fault_track
                0x08005f68       0xb4 build\kernel\libcpu\arm\cortex-m4\cpuport.o
 .text.hard_fault_track
                0x0800601c       0x78 build\kernel\libcpu\arm\cortex-m4\cpuport.o
 .text.rt_hw_hard_fault_exception
                0x08006094      0x184 build\kernel\libcpu\arm\cortex-m4\cpuport.o
                0x08006094                rt_hw_hard_fault_exception
 .text.finsh_get_prompt
                0x08006218       0x7c build\kernel\components\finsh\shell.o
                0x08006218                finsh_get_prompt
 .text.finsh_set_prompt_mode
                0x08006294       0x48 build\kernel\components\finsh\shell.o
                0x08006294                finsh_set_prompt_mode
 .text.finsh_getchar
                0x080062dc       0x90 build\kernel\components\finsh\shell.o
                0x080062dc                finsh_getchar
 .text.finsh_rx_ind
                0x0800636c       0x3c build\kernel\components\finsh\shell.o
 .text.finsh_set_device
                0x080063a8       0xd8 build\kernel\components\finsh\shell.o
                0x080063a8                finsh_set_device
 .text.shell_auto_complete
                0x08006480       0x34 build\kernel\components\finsh\shell.o
 .text.shell_handle_history
                0x080064b4       0x34 build\kernel\components\finsh\shell.o
 .text.shell_push_history
                0x080064e8      0x15e build\kernel\components\finsh\shell.o
 *fill*         0x08006646        0x2 00000000
 .text.finsh_thread_entry
                0x08006648      0x5cc build\kernel\components\finsh\shell.o
                0x08006648                finsh_thread_entry
 .text.finsh_system_function_init
                0x08006c14       0x2c build\kernel\components\finsh\shell.o
                0x08006c14                finsh_system_function_init
 .text.finsh_system_init
                0x08006c40       0x9c build\kernel\components\finsh\shell.o
                0x08006c40                finsh_system_init
 .text.msh_help
                0x08006cdc       0x5c build\kernel\components\finsh\msh.o
                0x08006cdc                msh_help
 .text.cmd_ps   0x08006d38       0x18 build\kernel\components\finsh\msh.o
                0x08006d38                cmd_ps
 .text.cmd_free
                0x08006d50       0x5c build\kernel\components\finsh\msh.o
                0x08006d50                cmd_free
 .text.msh_split
                0x08006dac      0x170 build\kernel\components\finsh\msh.o
 .text.msh_get_cmd
                0x08006f1c       0x64 build\kernel\components\finsh\msh.o
 .text._msh_exec_cmd
                0x08006f80       0xd4 build\kernel\components\finsh\msh.o
 .text.msh_exec
                0x08007054       0x8c build\kernel\components\finsh\msh.o
                0x08007054                msh_exec
 .text.str_common
                0x080070e0       0x4a build\kernel\components\finsh\msh.o
 *fill*         0x0800712a        0x2 00000000
 .text.msh_auto_complete
                0x0800712c       0xb0 build\kernel\components\finsh\msh.o
                0x0800712c                msh_auto_complete
 .text.rt_list_isempty
                0x080071dc       0x24 build\kernel\components\finsh\cmd.o
 .text.rt_list_len
                0x08007200       0x36 build\kernel\components\finsh\cmd.o
 *fill*         0x08007236        0x2 00000000
 .text.clear    0x08007238       0x14 build\kernel\components\finsh\cmd.o
 .text.version  0x0800724c        0xe build\kernel\components\finsh\cmd.o
                0x0800724c                version
 *fill*         0x0800725a        0x2 00000000
 .text.object_split
                0x0800725c       0x28 build\kernel\components\finsh\cmd.o
 .text.list_find_init
                0x08007284       0x46 build\kernel\components\finsh\cmd.o
 .text.list_get_next
                0x080072ca       0xc6 build\kernel\components\finsh\cmd.o
 .text.list_thread
                0x08007390      0x208 build\kernel\components\finsh\cmd.o
                0x08007390                list_thread
 .text.show_wait_queue
                0x08007598       0x54 build\kernel\components\finsh\cmd.o
 .text.list_sem
                0x080075ec      0x128 build\kernel\components\finsh\cmd.o
                0x080075ec                list_sem
 .text.list_event
                0x08007714      0x118 build\kernel\components\finsh\cmd.o
                0x08007714                list_event
 .text.list_mutex
                0x0800782c       0xe8 build\kernel\components\finsh\cmd.o
                0x0800782c                list_mutex
 .text.list_mailbox
                0x08007914      0x138 build\kernel\components\finsh\cmd.o
                0x08007914                list_mailbox
 .text.list_msgqueue
                0x08007a4c      0x128 build\kernel\components\finsh\cmd.o
                0x08007a4c                list_msgqueue
 .text.list_mempool
                0x08007b74      0x140 build\kernel\components\finsh\cmd.o
                0x08007b74                list_mempool
 .text.list_timer
                0x08007cb4      0x128 build\kernel\components\finsh\cmd.o
                0x08007cb4                list_timer
 .text.list_device
                0x08007ddc       0xec build\kernel\components\finsh\cmd.o
                0x08007ddc                list_device
 .text.__errno  0x08007ec8        0xe build\kernel\components\libc\compilers\newlib\syscalls.o
                0x08007ec8                __errno
 .text.rt_slist_init
                0x08007ed6       0x1a build\kernel\components\utilities\ulog\ulog.o
 .text.rt_slist_append
                0x08007ef0       0x36 build\kernel\components\utilities\ulog\ulog.o
 .text.rt_slist_first
                0x08007f26       0x18 build\kernel\components\utilities\ulog\ulog.o
 .text.rt_slist_next
                0x08007f3e       0x18 build\kernel\components\utilities\ulog\ulog.o
 *fill*         0x08007f56        0x2 00000000
 .text.ulog_strcpy
                0x08007f58       0x74 build\kernel\components\utilities\ulog\ulog.o
                0x08007f58                ulog_strcpy
 .text.ulog_ultoa
                0x08007fcc       0xb0 build\kernel\components\utilities\ulog\ulog.o
                0x08007fcc                ulog_ultoa
 .text.output_unlock
                0x0800807c       0x34 build\kernel\components\utilities\ulog\ulog.o
 .text.output_lock
                0x080080b0       0x38 build\kernel\components\utilities\ulog\ulog.o
 .text.get_log_buf
                0x080080e8       0x28 build\kernel\components\utilities\ulog\ulog.o
 .text.ulog_formater
                0x08008110      0x2d0 build\kernel\components\utilities\ulog\ulog.o
                0x08008110                ulog_formater
 .text.ulog_output_to_all_backend
                0x080083e0      0x124 build\kernel\components\utilities\ulog\ulog.o
                0x080083e0                ulog_output_to_all_backend
 .text.do_output
                0x08008504       0x46 build\kernel\components\utilities\ulog\ulog.o
 *fill*         0x0800854a        0x2 00000000
 .text.ulog_voutput
                0x0800854c       0xdc build\kernel\components\utilities\ulog\ulog.o
                0x0800854c                ulog_voutput
 .text.ulog_output
                0x08008628       0x32 build\kernel\components\utilities\ulog\ulog.o
                0x08008628                ulog_output
 *fill*         0x0800865a        0x2 00000000
 .text.ulog_backend_register
                0x0800865c       0xc0 build\kernel\components\utilities\ulog\ulog.o
                0x0800865c                ulog_backend_register
 .text.ulog_init
                0x0800871c       0x44 build\kernel\components\utilities\ulog\ulog.o
                0x0800871c                ulog_init
 .text.ulog_console_backend_output
                0x08008760       0x50 build\kernel\components\utilities\ulog\backend\console_be.o
                0x08008760                ulog_console_backend_output
 .text.ulog_console_backend_init
                0x080087b0       0x2c build\kernel\components\utilities\ulog\backend\console_be.o
                0x080087b0                ulog_console_backend_init
 .text.SystemInit
                0x080087dc       0x94 libraries\GD32F30x_Firmware_Library\CMSIS\GD\GD32F30x\Source\system_gd32f30x.o
                0x080087dc                SystemInit
 .text.system_clock_config
                0x08008870        0xc libraries\GD32F30x_Firmware_Library\CMSIS\GD\GD32F30x\Source\system_gd32f30x.o
 .text.system_clock_108m_hxtal
                0x0800887c      0x14c libraries\GD32F30x_Firmware_Library\CMSIS\GD\GD32F30x\Source\system_gd32f30x.o
 .text.rcu_periph_clock_enable
                0x080089c8       0x46 libraries\GD32F30x_Firmware_Library\GD32F30x_standard_peripheral\Source\gd32f30x_rcu.o
                0x080089c8                rcu_periph_clock_enable
 *fill*         0x08008a0e        0x2 00000000
 .text.rcu_clock_freq_get
                0x08008a10      0x1e4 libraries\GD32F30x_Firmware_Library\GD32F30x_standard_peripheral\Source\gd32f30x_rcu.o
                0x08008a10                rcu_clock_freq_get
 .text.dma_deinit
                0x08008bf4       0xcc libraries\GD32F30x_Firmware_Library\GD32F30x_standard_peripheral\Source\gd32f30x_dma.o
                0x08008bf4                dma_deinit
 .text.dma_struct_para_init
                0x08008cc0       0x52 libraries\GD32F30x_Firmware_Library\GD32F30x_standard_peripheral\Source\gd32f30x_dma.o
                0x08008cc0                dma_struct_para_init
 .text.dma_init
                0x08008d12      0x1f6 libraries\GD32F30x_Firmware_Library\GD32F30x_standard_peripheral\Source\gd32f30x_dma.o
                0x08008d12                dma_init
 .text.dma_circulation_enable
                0x08008f08       0x54 libraries\GD32F30x_Firmware_Library\GD32F30x_standard_peripheral\Source\gd32f30x_dma.o
                0x08008f08                dma_circulation_enable
 .text.dma_circulation_disable
                0x08008f5c       0x54 libraries\GD32F30x_Firmware_Library\GD32F30x_standard_peripheral\Source\gd32f30x_dma.o
                0x08008f5c                dma_circulation_disable
 .text.dma_memory_to_memory_disable
                0x08008fb0       0x54 libraries\GD32F30x_Firmware_Library\GD32F30x_standard_peripheral\Source\gd32f30x_dma.o
                0x08008fb0                dma_memory_to_memory_disable
 .text.dma_channel_enable
                0x08009004       0x54 libraries\GD32F30x_Firmware_Library\GD32F30x_standard_peripheral\Source\gd32f30x_dma.o
                0x08009004                dma_channel_enable
 .text.dma_channel_disable
                0x08009058       0x54 libraries\GD32F30x_Firmware_Library\GD32F30x_standard_peripheral\Source\gd32f30x_dma.o
                0x08009058                dma_channel_disable
 .text.dma_memory_address_config
                0x080090ac       0x40 libraries\GD32F30x_Firmware_Library\GD32F30x_standard_peripheral\Source\gd32f30x_dma.o
                0x080090ac                dma_memory_address_config
 .text.dma_transfer_number_config
                0x080090ec       0x42 libraries\GD32F30x_Firmware_Library\GD32F30x_standard_peripheral\Source\gd32f30x_dma.o
                0x080090ec                dma_transfer_number_config
 .text.dma_transfer_number_get
                0x0800912e       0x3a libraries\GD32F30x_Firmware_Library\GD32F30x_standard_peripheral\Source\gd32f30x_dma.o
                0x0800912e                dma_transfer_number_get
 .text.dma_interrupt_flag_get
                0x08009168       0xda libraries\GD32F30x_Firmware_Library\GD32F30x_standard_peripheral\Source\gd32f30x_dma.o
                0x08009168                dma_interrupt_flag_get
 .text.dma_interrupt_flag_clear
                0x08009242       0x32 libraries\GD32F30x_Firmware_Library\GD32F30x_standard_peripheral\Source\gd32f30x_dma.o
                0x08009242                dma_interrupt_flag_clear
 .text.dma_interrupt_enable
                0x08009274       0x56 libraries\GD32F30x_Firmware_Library\GD32F30x_standard_peripheral\Source\gd32f30x_dma.o
                0x08009274                dma_interrupt_enable
 *fill*         0x080092ca        0x2 00000000
 .text.dma_periph_and_channel_check
                0x080092cc       0x34 libraries\GD32F30x_Firmware_Library\GD32F30x_standard_peripheral\Source\gd32f30x_dma.o
 .text.usart_baudrate_set
                0x08009300       0xe0 libraries\GD32F30x_Firmware_Library\GD32F30x_standard_peripheral\Source\gd32f30x_usart.o
                0x08009300                usart_baudrate_set
 .text.usart_parity_config
                0x080093e0       0x38 libraries\GD32F30x_Firmware_Library\GD32F30x_standard_peripheral\Source\gd32f30x_usart.o
                0x080093e0                usart_parity_config
 .text.usart_word_length_set
                0x08009418       0x38 libraries\GD32F30x_Firmware_Library\GD32F30x_standard_peripheral\Source\gd32f30x_usart.o
                0x08009418                usart_word_length_set
 .text.usart_stop_bit_set
                0x08009450       0x38 libraries\GD32F30x_Firmware_Library\GD32F30x_standard_peripheral\Source\gd32f30x_usart.o
                0x08009450                usart_stop_bit_set
 .text.usart_enable
                0x08009488       0x24 libraries\GD32F30x_Firmware_Library\GD32F30x_standard_peripheral\Source\gd32f30x_usart.o
                0x08009488                usart_enable
 .text.usart_transmit_config
                0x080094ac       0x3c libraries\GD32F30x_Firmware_Library\GD32F30x_standard_peripheral\Source\gd32f30x_usart.o
                0x080094ac                usart_transmit_config
 .text.usart_receive_config
                0x080094e8       0x3c libraries\GD32F30x_Firmware_Library\GD32F30x_standard_peripheral\Source\gd32f30x_usart.o
                0x080094e8                usart_receive_config
 .text.usart_data_transmit
                0x08009524       0x24 libraries\GD32F30x_Firmware_Library\GD32F30x_standard_peripheral\Source\gd32f30x_usart.o
                0x08009524                usart_data_transmit
 .text.usart_data_receive
                0x08009548       0x22 libraries\GD32F30x_Firmware_Library\GD32F30x_standard_peripheral\Source\gd32f30x_usart.o
                0x08009548                usart_data_receive
 .text.usart_dma_receive_config
                0x0800956a       0x3c libraries\GD32F30x_Firmware_Library\GD32F30x_standard_peripheral\Source\gd32f30x_usart.o
                0x0800956a                usart_dma_receive_config
 .text.usart_dma_transmit_config
                0x080095a6       0x3c libraries\GD32F30x_Firmware_Library\GD32F30x_standard_peripheral\Source\gd32f30x_usart.o
                0x080095a6                usart_dma_transmit_config
 .text.usart_flag_get
                0x080095e2       0x3e libraries\GD32F30x_Firmware_Library\GD32F30x_standard_peripheral\Source\gd32f30x_usart.o
                0x080095e2                usart_flag_get
 .text.usart_flag_clear
                0x08009620       0x44 libraries\GD32F30x_Firmware_Library\GD32F30x_standard_peripheral\Source\gd32f30x_usart.o
                0x08009620                usart_flag_clear
 .text.usart_interrupt_enable
                0x08009664       0x42 libraries\GD32F30x_Firmware_Library\GD32F30x_standard_peripheral\Source\gd32f30x_usart.o
                0x08009664                usart_interrupt_enable
 .text.usart_interrupt_disable
                0x080096a6       0x44 libraries\GD32F30x_Firmware_Library\GD32F30x_standard_peripheral\Source\gd32f30x_usart.o
                0x080096a6                usart_interrupt_disable
 .text.usart_interrupt_flag_get
                0x080096ea       0x6a libraries\GD32F30x_Firmware_Library\GD32F30x_standard_peripheral\Source\gd32f30x_usart.o
                0x080096ea                usart_interrupt_flag_get
 .text.exti_init
                0x08009754       0xf4 libraries\GD32F30x_Firmware_Library\GD32F30x_standard_peripheral\Source\gd32f30x_exti.o
                0x08009754                exti_init
 .text.exti_interrupt_flag_get
                0x08009848       0x44 libraries\GD32F30x_Firmware_Library\GD32F30x_standard_peripheral\Source\gd32f30x_exti.o
                0x08009848                exti_interrupt_flag_get
 .text.exti_interrupt_flag_clear
                0x0800988c       0x20 libraries\GD32F30x_Firmware_Library\GD32F30x_standard_peripheral\Source\gd32f30x_exti.o
                0x0800988c                exti_interrupt_flag_clear
 .text.gpio_init
                0x080098ac      0x16a libraries\GD32F30x_Firmware_Library\GD32F30x_standard_peripheral\Source\gd32f30x_gpio.o
                0x080098ac                gpio_init
 .text.gpio_bit_set
                0x08009a16       0x20 libraries\GD32F30x_Firmware_Library\GD32F30x_standard_peripheral\Source\gd32f30x_gpio.o
                0x08009a16                gpio_bit_set
 .text.gpio_bit_write
                0x08009a36       0x36 libraries\GD32F30x_Firmware_Library\GD32F30x_standard_peripheral\Source\gd32f30x_gpio.o
                0x08009a36                gpio_bit_write
 .text.gpio_input_bit_get
                0x08009a6c       0x2a libraries\GD32F30x_Firmware_Library\GD32F30x_standard_peripheral\Source\gd32f30x_gpio.o
                0x08009a6c                gpio_input_bit_get
 *fill*         0x08009a96        0x2 00000000
 .text.gpio_pin_remap_config
                0x08009a98       0xe8 libraries\GD32F30x_Firmware_Library\GD32F30x_standard_peripheral\Source\gd32f30x_gpio.o
                0x08009a98                gpio_pin_remap_config
 .text.gpio_exti_source_select
                0x08009b80       0xf0 libraries\GD32F30x_Firmware_Library\GD32F30x_standard_peripheral\Source\gd32f30x_gpio.o
                0x08009b80                gpio_exti_source_select
 .text.nvic_priority_group_set
                0x08009c70       0x28 libraries\GD32F30x_Firmware_Library\GD32F30x_standard_peripheral\Source\gd32f30x_misc.o
                0x08009c70                nvic_priority_group_set
 .text.nvic_irq_enable
                0x08009c98      0x10c libraries\GD32F30x_Firmware_Library\GD32F30x_standard_peripheral\Source\gd32f30x_misc.o
                0x08009c98                nvic_irq_enable
 .text.nvic_irq_disable
                0x08009da4       0x38 libraries\GD32F30x_Firmware_Library\GD32F30x_standard_peripheral\Source\gd32f30x_misc.o
                0x08009da4                nvic_irq_disable
 .text.get_pin  0x08009ddc       0x44 libraries\gd32_drivers\drv_gpio.o
                0x08009ddc                get_pin
 .text.gd32_pin_mode
                0x08009e20       0x90 libraries\gd32_drivers\drv_gpio.o
 .text.gd32_pin_write
                0x08009eb0       0x3e libraries\gd32_drivers\drv_gpio.o
 .text.gd32_pin_read
                0x08009eee       0x46 libraries\gd32_drivers\drv_gpio.o
 .text.bit2bitno
                0x08009f34       0x3e libraries\gd32_drivers\drv_gpio.o
 *fill*         0x08009f72        0x2 00000000
 .text.get_pin_irq_map
                0x08009f74       0x34 libraries\gd32_drivers\drv_gpio.o
 .text.gd32_pin_attach_irq
                0x08009fa8      0x150 libraries\gd32_drivers\drv_gpio.o
 .text.gd32_pin_detach_irq
                0x0800a0f8       0xd8 libraries\gd32_drivers\drv_gpio.o
 .text.gd32_pin_irq_enable
                0x0800a1d0      0x15c libraries\gd32_drivers\drv_gpio.o
 .text.pin_irq_hdr
                0x0800a32c       0x54 libraries\gd32_drivers\drv_gpio.o
 .text.GD32_GPIO_EXTI_IRQHandler
                0x0800a380       0x42 libraries\gd32_drivers\drv_gpio.o
                0x0800a380                GD32_GPIO_EXTI_IRQHandler
 .text.EXTI0_IRQHandler
                0x0800a3c2       0x16 libraries\gd32_drivers\drv_gpio.o
                0x0800a3c2                EXTI0_IRQHandler
 .text.EXTI1_IRQHandler
                0x0800a3d8       0x16 libraries\gd32_drivers\drv_gpio.o
                0x0800a3d8                EXTI1_IRQHandler
 .text.EXTI2_IRQHandler
                0x0800a3ee       0x16 libraries\gd32_drivers\drv_gpio.o
                0x0800a3ee                EXTI2_IRQHandler
 .text.EXTI3_IRQHandler
                0x0800a404       0x16 libraries\gd32_drivers\drv_gpio.o
                0x0800a404                EXTI3_IRQHandler
 .text.EXTI4_IRQHandler
                0x0800a41a       0x16 libraries\gd32_drivers\drv_gpio.o
                0x0800a41a                EXTI4_IRQHandler
 .text.EXTI5_9_IRQHandler
                0x0800a430       0x2e libraries\gd32_drivers\drv_gpio.o
                0x0800a430                EXTI5_9_IRQHandler
 .text.EXTI10_15_IRQHandler
                0x0800a45e       0x34 libraries\gd32_drivers\drv_gpio.o
                0x0800a45e                EXTI10_15_IRQHandler
 *fill*         0x0800a492        0x2 00000000
 .text.rt_hw_pin_init
                0x0800a494       0x24 libraries\gd32_drivers\drv_gpio.o
                0x0800a494                rt_hw_pin_init
 .text.GPIO_OUTPUT_BIT_GET
                0x0800a4b8       0x2a libraries\gd32_drivers\drv_soft_spi.o
 .text.GPIO_BIT_RESET
                0x0800a4e2       0x20 libraries\gd32_drivers\drv_soft_spi.o
 .text.GPIO_BIT_SET
                0x0800a502       0x20 libraries\gd32_drivers\drv_soft_spi.o
 .text.GPIO_INPUT_BIT_GET
                0x0800a522       0x2a libraries\gd32_drivers\drv_soft_spi.o
 .text.GPIO_INIT
                0x0800a54c      0x148 libraries\gd32_drivers\drv_soft_spi.o
 .text.gpio_tog_sclk
                0x0800a694       0x4c libraries\gd32_drivers\drv_soft_spi.o
 .text.gpio_set_sclk
                0x0800a6e0       0x3e libraries\gd32_drivers\drv_soft_spi.o
 .text.gpio_set_mosi
                0x0800a71e       0x3e libraries\gd32_drivers\drv_soft_spi.o
 .text.gpio_set_miso
                0x0800a75c       0x3e libraries\gd32_drivers\drv_soft_spi.o
 .text.gpio_get_sclk
                0x0800a79a       0x26 libraries\gd32_drivers\drv_soft_spi.o
 .text.gpio_get_mosi
                0x0800a7c0       0x26 libraries\gd32_drivers\drv_soft_spi.o
 .text.gpio_get_miso
                0x0800a7e6       0x26 libraries\gd32_drivers\drv_soft_spi.o
 .text.gpio_dir_mosi
                0x0800a80c       0x3e libraries\gd32_drivers\drv_soft_spi.o
 .text.gpio_dir_miso
                0x0800a84a       0x3e libraries\gd32_drivers\drv_soft_spi.o
 .text.gpio_udelay
                0x0800a888       0x30 libraries\gd32_drivers\drv_soft_spi.o
 .text.soft_spi_gpio_init
                0x0800a8b8       0x8e libraries\gd32_drivers\drv_soft_spi.o
 *fill*         0x0800a946        0x2 00000000
 .text.rt_soft_spi_init
                0x0800a948      0x180 libraries\gd32_drivers\drv_soft_spi.o
                0x0800a948                rt_soft_spi_init
 .text.rt_sw_spi_device_attach
                0x0800aac8       0xd4 libraries\gd32_drivers\drv_soft_spi.o
                0x0800aac8                rt_sw_spi_device_attach
 .text.NVIC_EnableIRQ
                0x0800ab9c       0x34 libraries\gd32_drivers\drv_usart.o
 .text.NVIC_DisableIRQ
                0x0800abd0       0x34 libraries\gd32_drivers\drv_usart.o
 .text.NVIC_SetPriority
                0x0800ac04       0x54 libraries\gd32_drivers\drv_usart.o
 .text.uart_isr
                0x0800ac58      0x1d0 libraries\gd32_drivers\drv_usart.o
 .text.dma_rx_isr
                0x0800ae28      0x10c libraries\gd32_drivers\drv_usart.o
 .text.dma_tx_isr
                0x0800af34       0x9c libraries\gd32_drivers\drv_usart.o
 .text.USART0_IRQHandler
                0x0800afd0       0x1c libraries\gd32_drivers\drv_usart.o
                0x0800afd0                USART0_IRQHandler
 .text.DMA0_Channel4_IRQHandler
                0x0800afec       0x1c libraries\gd32_drivers\drv_usart.o
                0x0800afec                DMA0_Channel4_IRQHandler
 .text.DMA0_Channel3_IRQHandler
                0x0800b008       0x1c libraries\gd32_drivers\drv_usart.o
                0x0800b008                DMA0_Channel3_IRQHandler
 .text.gd32_dma_config
                0x0800b024      0x1f4 libraries\gd32_drivers\drv_usart.o
 .text.gd32_uart_gpio_init
                0x0800b218       0x7a libraries\gd32_drivers\drv_usart.o
                0x0800b218                gd32_uart_gpio_init
 *fill*         0x0800b292        0x2 00000000
 .text.gd32_uart_configure
                0x0800b294      0x134 libraries\gd32_drivers\drv_usart.o
 .text.gd32_uart_control
                0x0800b3c8       0xd0 libraries\gd32_drivers\drv_usart.o
 .text.gd32_uart_putc
                0x0800b498       0x5c libraries\gd32_drivers\drv_usart.o
 .text.gd32_uart_getc
                0x0800b4f4       0x5c libraries\gd32_drivers\drv_usart.o
 .text.gd32_dma_transmit
                0x0800b550       0xbc libraries\gd32_drivers\drv_usart.o
 .text.gd32_hw_usart_init
                0x0800b60c      0x100 libraries\gd32_drivers\drv_usart.o
                0x0800b60c                gd32_hw_usart_init
 .text.rt_list_init
                0x0800b70c       0x22 build\kernel\components\drivers\ipc\dataqueue.o
 .text.rt_list_insert_before
                0x0800b72e       0x32 build\kernel\components\drivers\ipc\dataqueue.o
 .text.rt_list_isempty
                0x0800b760       0x24 build\kernel\components\drivers\ipc\dataqueue.o
 .text.rt_data_queue_init
                0x0800b784       0xc0 build\kernel\components\drivers\ipc\dataqueue.o
                0x0800b784                rt_data_queue_init
 .text.rt_data_queue_push
                0x0800b844      0x250 build\kernel\components\drivers\ipc\dataqueue.o
                0x0800b844                rt_data_queue_push
 .text.rt_data_queue_pop
                0x0800ba94      0x2ac build\kernel\components\drivers\ipc\dataqueue.o
                0x0800ba94                rt_data_queue_pop
 .text.rt_data_queue_peek
                0x0800bd40       0xa4 build\kernel\components\drivers\ipc\dataqueue.o
                0x0800bd40                rt_data_queue_peek
 .text.rt_data_queue_reset
                0x0800bde4       0xfc build\kernel\components\drivers\ipc\dataqueue.o
                0x0800bde4                rt_data_queue_reset
 .text.rt_data_queue_deinit
                0x0800bee0       0x70 build\kernel\components\drivers\ipc\dataqueue.o
                0x0800bee0                rt_data_queue_deinit
 .text.rt_data_queue_len
                0x0800bf50       0xc4 build\kernel\components\drivers\ipc\dataqueue.o
                0x0800bf50                rt_data_queue_len
 .text.rt_list_init
                0x0800c014       0x22 build\kernel\components\drivers\ipc\workqueue.o
 .text.rt_list_remove
                0x0800c036       0x36 build\kernel\components\drivers\ipc\workqueue.o
 .text.rt_list_isempty
                0x0800c06c       0x24 build\kernel\components\drivers\ipc\workqueue.o
 .text._workqueue_work_completion
                0x0800c090       0x4c build\kernel\components\drivers\ipc\workqueue.o
 .text._workqueue_thread_entry
                0x0800c0dc       0x9c build\kernel\components\drivers\ipc\workqueue.o
 .text.rt_workqueue_create
                0x0800c178       0x94 build\kernel\components\drivers\ipc\workqueue.o
                0x0800c178                rt_workqueue_create
 .text.rt_work_sys_workqueue_init
                0x0800c20c       0x4c build\kernel\components\drivers\ipc\workqueue.o
 .text.rt_list_init
                0x0800c258       0x22 build\kernel\components\drivers\ipc\completion.o
 .text.rt_list_insert_before
                0x0800c27a       0x32 build\kernel\components\drivers\ipc\completion.o
 .text.rt_list_isempty
                0x0800c2ac       0x24 build\kernel\components\drivers\ipc\completion.o
 .text.rt_completion_init
                0x0800c2d0       0x44 build\kernel\components\drivers\ipc\completion.o
                0x0800c2d0                rt_completion_init
 .text.rt_completion_wait
                0x0800c314      0x15c build\kernel\components\drivers\ipc\completion.o
                0x0800c314                rt_completion_wait
 .text.rt_completion_done
                0x0800c470       0x70 build\kernel\components\drivers\ipc\completion.o
                0x0800c470                rt_completion_done
 .text._pin_read
                0x0800c4e0       0x60 build\kernel\components\drivers\misc\pin.o
 .text._pin_write
                0x0800c540       0x5c build\kernel\components\drivers\misc\pin.o
 .text._pin_control
                0x0800c59c       0x58 build\kernel\components\drivers\misc\pin.o
 .text.rt_device_pin_register
                0x0800c5f4       0x74 build\kernel\components\drivers\misc\pin.o
                0x0800c5f4                rt_device_pin_register
 .text.rt_pin_attach_irq
                0x0800c668       0x5c build\kernel\components\drivers\misc\pin.o
                0x0800c668                rt_pin_attach_irq
 .text.rt_pin_irq_enable
                0x0800c6c4       0x50 build\kernel\components\drivers\misc\pin.o
                0x0800c6c4                rt_pin_irq_enable
 .text.rt_pin_mode
                0x0800c714       0x40 build\kernel\components\drivers\misc\pin.o
                0x0800c714                rt_pin_mode
 .text.rt_pin_write
                0x0800c754       0x40 build\kernel\components\drivers\misc\pin.o
                0x0800c754                rt_pin_write
 .text._serial_poll_rx
                0x0800c794       0x80 build\kernel\components\drivers\serial\serial.o
 .text._serial_poll_tx
                0x0800c814       0x7c build\kernel\components\drivers\serial\serial.o
 .text._serial_int_rx
                0x0800c890       0xd8 build\kernel\components\drivers\serial\serial.o
 .text._serial_int_tx
                0x0800c968       0xc4 build\kernel\components\drivers\serial\serial.o
 .text._serial_check_buffer_size
                0x0800ca2c       0x20 build\kernel\components\drivers\serial\serial.o
 .text._serial_fifo_calc_recved_len
                0x0800ca4c       0x88 build\kernel\components\drivers\serial\serial.o
 .text.rt_dma_calc_recved_len
                0x0800cad4       0x18 build\kernel\components\drivers\serial\serial.o
 .text.rt_dma_recv_update_get_index
                0x0800caec       0xa4 build\kernel\components\drivers\serial\serial.o
 .text.rt_dma_recv_update_put_index
                0x0800cb90       0xf8 build\kernel\components\drivers\serial\serial.o
 .text._serial_dma_rx
                0x0800cc88      0x198 build\kernel\components\drivers\serial\serial.o
 .text._serial_dma_tx
                0x0800ce20       0x70 build\kernel\components\drivers\serial\serial.o
 .text.rt_serial_init
                0x0800ce90       0x5c build\kernel\components\drivers\serial\serial.o
 .text.rt_serial_open
                0x0800ceec      0x370 build\kernel\components\drivers\serial\serial.o
 .text.rt_serial_close
                0x0800d25c      0x1e0 build\kernel\components\drivers\serial\serial.o
 .text.rt_serial_read
                0x0800d43c       0x84 build\kernel\components\drivers\serial\serial.o
 .text.rt_serial_write
                0x0800d4c0       0x84 build\kernel\components\drivers\serial\serial.o
 .text.rt_serial_control
                0x0800d544       0xd8 build\kernel\components\drivers\serial\serial.o
 .text.rt_hw_serial_register
                0x0800d61c       0x9c build\kernel\components\drivers\serial\serial.o
                0x0800d61c                rt_hw_serial_register
 .text.rt_hw_serial_isr
                0x0800d6b8      0x260 build\kernel\components\drivers\serial\serial.o
                0x0800d6b8                rt_hw_serial_isr
 .text.rt_spi_bus_register
                0x0800d918       0x4c build\kernel\components\drivers\spi\spi_core.o
                0x0800d918                rt_spi_bus_register
 .text.rt_spi_bus_attach_device
                0x0800d964       0x62 build\kernel\components\drivers\spi\spi_core.o
                0x0800d964                rt_spi_bus_attach_device
 *fill*         0x0800d9c6        0x2 00000000
 .text.rt_spi_configure
                0x0800d9c8       0x94 build\kernel\components\drivers\spi\spi_core.o
                0x0800d9c8                rt_spi_configure
 .text.rt_spi_send_then_recv
                0x0800da5c      0x148 build\kernel\components\drivers\spi\spi_core.o
                0x0800da5c                rt_spi_send_then_recv
 .text.rt_spi_transfer
                0x0800dba4      0x108 build\kernel\components\drivers\spi\spi_core.o
                0x0800dba4                rt_spi_transfer
 .text.rt_spi_transfer_message
                0x0800dcac       0xdc build\kernel\components\drivers\spi\spi_core.o
                0x0800dcac                rt_spi_transfer_message
 .text._spi_bus_device_read
                0x0800dd88       0x58 build\kernel\components\drivers\spi\spi_dev.o
 .text._spi_bus_device_write
                0x0800dde0       0x58 build\kernel\components\drivers\spi\spi_dev.o
 .text._spi_bus_device_control
                0x0800de38       0x28 build\kernel\components\drivers\spi\spi_dev.o
 .text.rt_spi_bus_device_init
                0x0800de60       0x70 build\kernel\components\drivers\spi\spi_dev.o
                0x0800de60                rt_spi_bus_device_init
 .text._spidev_device_read
                0x0800ded0       0x58 build\kernel\components\drivers\spi\spi_dev.o
 .text._spidev_device_write
                0x0800df28       0x58 build\kernel\components\drivers\spi\spi_dev.o
 .text._spidev_device_control
                0x0800df80       0x28 build\kernel\components\drivers\spi\spi_dev.o
 .text.rt_spidev_device_init
                0x0800dfa8       0x70 build\kernel\components\drivers\spi\spi_dev.o
                0x0800dfa8                rt_spidev_device_init
 .text.spi_delay
                0x0800e018       0x20 build\kernel\components\drivers\spi\spi-bit-ops.o
 .text.spi_delay2
                0x0800e038       0x1c build\kernel\components\drivers\spi\spi-bit-ops.o
 .text.spi_xfer_4line_data8
                0x0800e054      0x18c build\kernel\components\drivers\spi\spi-bit-ops.o
 .text.spi_xfer_4line_data16
                0x0800e1e0      0x190 build\kernel\components\drivers\spi\spi-bit-ops.o
 .text.spi_xfer_3line_data8
                0x0800e370      0x22c build\kernel\components\drivers\spi\spi-bit-ops.o
 .text.spi_xfer_3line_data16
                0x0800e59c      0x234 build\kernel\components\drivers\spi\spi-bit-ops.o
 .text.spi_bit_configure
                0x0800e7d0       0xc4 build\kernel\components\drivers\spi\spi-bit-ops.o
                0x0800e7d0                spi_bit_configure
 .text.spi_bit_xfer
                0x0800e894      0x150 build\kernel\components\drivers\spi\spi-bit-ops.o
                0x0800e894                spi_bit_xfer
 .text.rt_spi_bit_add_bus
                0x0800e9e4       0x6c build\kernel\components\drivers\spi\spi-bit-ops.o
                0x0800e9e4                rt_spi_bit_add_bus
 .text.atoi     0x0800ea50        0x8 d:/keil_v5/os/rtthread/env-windows-v1.3.5/tools/gnu_gcc/arm_gcc/mingw/bin/../lib/gcc/arm-none-eabi/10.3.1/../../../../arm-none-eabi/lib/thumb/v7e-m+fp/hard\libc.a(lib_a-atoi.o)
                0x0800ea50                atoi
 .text.memcmp   0x0800ea58       0x64 d:/keil_v5/os/rtthread/env-windows-v1.3.5/tools/gnu_gcc/arm_gcc/mingw/bin/../lib/gcc/arm-none-eabi/10.3.1/../../../../arm-none-eabi/lib/thumb/v7e-m+fp/hard\libc.a(lib_a-memcmp.o)
                0x0800ea58                memcmp
 .text.memset   0x0800eabc       0xa4 d:/keil_v5/os/rtthread/env-windows-v1.3.5/tools/gnu_gcc/arm_gcc/mingw/bin/../lib/gcc/arm-none-eabi/10.3.1/../../../../arm-none-eabi/lib/thumb/v7e-m+fp/hard\libc.a(lib_a-memset.o)
                0x0800eabc                memset
 .text.strncmp  0x0800eb60       0x80 d:/keil_v5/os/rtthread/env-windows-v1.3.5/tools/gnu_gcc/arm_gcc/mingw/bin/../lib/gcc/arm-none-eabi/10.3.1/../../../../arm-none-eabi/lib/thumb/v7e-m+fp/hard\libc.a(lib_a-strncmp.o)
                0x0800eb60                strncmp
 .text.strncpy  0x0800ebe0       0x64 d:/keil_v5/os/rtthread/env-windows-v1.3.5/tools/gnu_gcc/arm_gcc/mingw/bin/../lib/gcc/arm-none-eabi/10.3.1/../../../../arm-none-eabi/lib/thumb/v7e-m+fp/hard\libc.a(lib_a-strncpy.o)
                0x0800ebe0                strncpy
 .text._strtol_l.part.0
                0x0800ec44      0x120 d:/keil_v5/os/rtthread/env-windows-v1.3.5/tools/gnu_gcc/arm_gcc/mingw/bin/../lib/gcc/arm-none-eabi/10.3.1/../../../../arm-none-eabi/lib/thumb/v7e-m+fp/hard\libc.a(lib_a-strtol.o)
 .text.strtol   0x0800ed64       0x2c d:/keil_v5/os/rtthread/env-windows-v1.3.5/tools/gnu_gcc/arm_gcc/mingw/bin/../lib/gcc/arm-none-eabi/10.3.1/../../../../arm-none-eabi/lib/thumb/v7e-m+fp/hard\libc.a(lib_a-strtol.o)
                0x0800ed64                strtol
 *(.rodata)
 .rodata        0x0800ed90       0xac build\applications\rs232_link.o
 .rodata        0x0800ee3c        0x6 build\board\board.o
 *fill*         0x0800ee42        0x2 00000000
 .rodata        0x0800ee44       0x54 build\packages\ad7190\ad7190.o
 .rodata        0x0800ee98       0x1e build\packages\ad983x\ad983x.o
 *fill*         0x0800eeb6        0x2 00000000
 .rodata        0x0800eeb8       0x18 build\packages\cobs\cobs.o
 .rodata        0x0800eed0       0x70 build\packages\dac7811\dac7811.o
 .rodata        0x0800ef40      0x41b build\kernel\src\mem.o
 *fill*         0x0800f35b        0x1 00000000
 .rodata        0x0800f35c      0x19f build\kernel\src\thread.o
 *fill*         0x0800f4fb        0x1 00000000
 .rodata        0x0800f4fc       0x91 build\kernel\src\object.o
 *fill*         0x0800f58d        0x3 00000000
 .rodata        0x0800f590      0x106 build\kernel\src\timer.o
 *fill*         0x0800f696        0x2 00000000
 .rodata        0x0800f698        0x8 build\kernel\src\idle.o
 .rodata        0x0800f6a0       0x17 build\kernel\src\components.o
 *fill*         0x0800f6b7        0x1 00000000
 .rodata        0x0800f6b8       0xbc build\kernel\src\device.o
 .rodata        0x0800f774       0x65 build\kernel\src\scheduler.o
 *fill*         0x0800f7d9        0x3 00000000
 .rodata        0x0800f7dc      0x4de build\kernel\src\ipc.o
 *fill*         0x0800fcba        0x2 00000000
 .rodata        0x0800fcbc      0x107 build\kernel\src\kservice.o
 *fill*         0x0800fdc3        0x1 00000000
 .rodata        0x0800fdc4      0x2ce build\kernel\libcpu\arm\cortex-m4\cpuport.o
 *fill*         0x08010092        0x2 00000000
 .rodata        0x08010094       0x91 build\kernel\components\finsh\shell.o
 *fill*         0x08010125        0x3 00000000
 .rodata        0x08010128       0xa8 build\kernel\components\finsh\msh.o
 .rodata        0x080101d0      0x65f build\kernel\components\finsh\cmd.o
 *fill*         0x0801082f        0x1 00000000
 .rodata        0x08010830      0x121 build\kernel\components\utilities\ulog\ulog.o
 *fill*         0x08010951        0x3 00000000
 .rodata        0x08010954        0x8 build\kernel\components\utilities\ulog\backend\console_be.o
 .rodata        0x0801095c       0x18 libraries\GD32F30x_Firmware_Library\GD32F30x_standard_peripheral\Source\gd32f30x_rcu.o
 .rodata        0x08010974        0x4 libraries\gd32_drivers\drv_gpio.o
 .rodata        0x08010978       0xa5 libraries\gd32_drivers\drv_soft_spi.o
 *fill*         0x08010a1d        0x3 00000000
 .rodata        0x08010a20       0xb0 libraries\gd32_drivers\drv_usart.o
 .rodata        0x08010ad0       0xf4 build\kernel\components\drivers\ipc\dataqueue.o
 .rodata        0x08010bc4       0x85 build\kernel\components\drivers\ipc\workqueue.o
 *fill*         0x08010c49        0x3 00000000
 .rodata        0x08010c4c       0xd7 build\kernel\components\drivers\ipc\completion.o
 *fill*         0x08010d23        0x1 00000000
 .rodata        0x08010d24       0x37 build\kernel\components\drivers\misc\pin.o
 *fill*         0x08010d5b        0x1 00000000
 .rodata        0x08010d5c      0x126 build\kernel\components\drivers\serial\serial.o
 *fill*         0x08010e82        0x2 00000000
 .rodata        0x08010e84       0x49 build\kernel\components\drivers\spi\spi_core.o
 *fill*         0x08010ecd        0x3 00000000
 .rodata        0x08010ed0       0x63 build\kernel\components\drivers\spi\spi_dev.o
 *fill*         0x08010f33        0x1 00000000
 .rodata        0x08010f34       0x6c build\kernel\components\drivers\spi\spi-bit-ops.o
 *(.rodata*)
 .rodata.__FUNCTION__.1
                0x08010fa0       0x14 build\applications\rs232_link.o
 .rodata.acrc_hi_lut
                0x08010fb4      0x100 build\packages\cobs\cobs.o
 .rodata.acrc_lo_lut
                0x080110b4      0x100 build\packages\cobs\cobs.o
 .rodata.name   0x080111b4       0x2f build\packages\dac7811\dac7811.o
                0x080111b4                __fsym_dac7811_set_name
                0x080111c0                __fsym_dac7811_set_desc
 *fill*         0x080111e3        0x1 00000000
 .rodata.__FUNCTION__.4
                0x080111e4        0xb build\kernel\src\mem.o
 *fill*         0x080111ef        0x1 00000000
 .rodata.__FUNCTION__.2
                0x080111f0        0xe build\kernel\src\mem.o
 *fill*         0x080111fe        0x2 00000000
 .rodata.__FUNCTION__.0
                0x08011200        0xd build\kernel\src\mem.o
 *fill*         0x0801120d        0x3 00000000
 .rodata.__FUNCTION__.10
                0x08011210       0x10 build\kernel\src\thread.o
 .rodata.__FUNCTION__.9
                0x08011220        0xd build\kernel\src\thread.o
 *fill*         0x0801122d        0x3 00000000
 .rodata.__FUNCTION__.8
                0x08011230        0xf build\kernel\src\thread.o
 *fill*         0x0801123f        0x1 00000000
 .rodata.__FUNCTION__.7
                0x08011240       0x12 build\kernel\src\thread.o
 *fill*         0x08011252        0x2 00000000
 .rodata.__FUNCTION__.6
                0x08011254       0x11 build\kernel\src\thread.o
 *fill*         0x08011265        0x3 00000000
 .rodata.__FUNCTION__.5
                0x08011268       0x11 build\kernel\src\thread.o
 *fill*         0x08011279        0x3 00000000
 .rodata.__FUNCTION__.4
                0x0801127c       0x10 build\kernel\src\thread.o
 .rodata.__FUNCTION__.2
                0x0801128c       0x12 build\kernel\src\thread.o
 *fill*         0x0801129e        0x2 00000000
 .rodata.__FUNCTION__.1
                0x080112a0       0x12 build\kernel\src\thread.o
 *fill*         0x080112b2        0x2 00000000
 .rodata.__FUNCTION__.0
                0x080112b4       0x11 build\kernel\src\thread.o
 *fill*         0x080112c5        0x3 00000000
 .rodata.__FUNCTION__.6
                0x080112c8        0xf build\kernel\src\object.o
 *fill*         0x080112d7        0x1 00000000
 .rodata.__FUNCTION__.5
                0x080112d8       0x11 build\kernel\src\object.o
 *fill*         0x080112e9        0x3 00000000
 .rodata.__FUNCTION__.4
                0x080112ec       0x13 build\kernel\src\object.o
 *fill*         0x080112ff        0x1 00000000
 .rodata.__FUNCTION__.3
                0x08011300       0x11 build\kernel\src\object.o
 *fill*         0x08011311        0x3 00000000
 .rodata.__FUNCTION__.2
                0x08011314       0x1a build\kernel\src\object.o
 *fill*         0x0801132e        0x2 00000000
 .rodata.__FUNCTION__.1
                0x08011330       0x13 build\kernel\src\object.o
 *fill*         0x08011343        0x1 00000000
 .rodata.__FUNCTION__.0
                0x08011344        0xf build\kernel\src\object.o
 *fill*         0x08011353        0x1 00000000
 .rodata.__FUNCTION__.7
                0x08011354        0xe build\kernel\src\timer.o
 *fill*         0x08011362        0x2 00000000
 .rodata.__FUNCTION__.6
                0x08011364       0x10 build\kernel\src\timer.o
 .rodata.__FUNCTION__.3
                0x08011374        0xf build\kernel\src\timer.o
 *fill*         0x08011383        0x1 00000000
 .rodata.__FUNCTION__.1
                0x08011384        0xe build\kernel\src\timer.o
 *fill*         0x08011392        0x2 00000000
 .rodata.__FUNCTION__.0
                0x08011394       0x11 build\kernel\src\timer.o
 *fill*         0x080113a5        0x3 00000000
 .rodata.__FUNCTION__.0
                0x080113a8       0x14 build\kernel\src\components.o
 .rodata.__FUNCTION__.6
                0x080113bc        0xf build\kernel\src\device.o
 *fill*         0x080113cb        0x1 00000000
 .rodata.__FUNCTION__.5
                0x080113cc       0x10 build\kernel\src\device.o
 .rodata.__FUNCTION__.4
                0x080113dc        0xf build\kernel\src\device.o
 *fill*         0x080113eb        0x1 00000000
 .rodata.__FUNCTION__.3
                0x080113ec       0x10 build\kernel\src\device.o
 .rodata.__FUNCTION__.2
                0x080113fc       0x12 build\kernel\src\device.o
 *fill*         0x0801140e        0x2 00000000
 .rodata.__FUNCTION__.1
                0x08011410       0x1a build\kernel\src\device.o
 *fill*         0x0801142a        0x2 00000000
 .rodata.__FUNCTION__.0
                0x0801142c       0x1a build\kernel\src\device.o
 *fill*         0x08011446        0x2 00000000
 .rodata.__FUNCTION__.2
                0x08011448       0x1a build\kernel\src\scheduler.o
 *fill*         0x08011462        0x2 00000000
 .rodata.__FUNCTION__.1
                0x08011464       0x1a build\kernel\src\scheduler.o
 *fill*         0x0801147e        0x2 00000000
 .rodata.__FUNCTION__.0
                0x08011480       0x1a build\kernel\src\scheduler.o
 *fill*         0x0801149a        0x2 00000000
 .rodata.__FUNCTION__.37
                0x0801149c        0xc build\kernel\src\ipc.o
 .rodata.__FUNCTION__.33
                0x080114a8        0xc build\kernel\src\ipc.o
 .rodata.__FUNCTION__.32
                0x080114b4       0x12 build\kernel\src\ipc.o
 *fill*         0x080114c6        0x2 00000000
 .rodata.__FUNCTION__.31
                0x080114c8        0xf build\kernel\src\ipc.o
 *fill*         0x080114d7        0x1 00000000
 .rodata.__FUNCTION__.30
                0x080114d8        0xf build\kernel\src\ipc.o
 *fill*         0x080114e7        0x1 00000000
 .rodata.__FUNCTION__.29
                0x080114e8        0xe build\kernel\src\ipc.o
 *fill*         0x080114f6        0x2 00000000
 .rodata.__FUNCTION__.25
                0x080114f8        0xe build\kernel\src\ipc.o
 *fill*         0x08011506        0x2 00000000
 .rodata.__FUNCTION__.24
                0x08011508       0x11 build\kernel\src\ipc.o
 *fill*         0x08011519        0x3 00000000
 .rodata.__FUNCTION__.7
                0x0801151c        0xb build\kernel\src\ipc.o
 *fill*         0x08011527        0x1 00000000
 .rodata.__FUNCTION__.1
                0x08011528        0xb build\kernel\src\ipc.o
 *fill*         0x08011533        0x1 00000000
 .rodata.__lowest_bit_bitmap
                0x08011534      0x100 build\kernel\src\kservice.o
                0x08011534                __lowest_bit_bitmap
 .rodata.large_digits.4
                0x08011634       0x11 build\kernel\src\kservice.o
 *fill*         0x08011645        0x3 00000000
 .rodata.small_digits.3
                0x08011648       0x11 build\kernel\src\kservice.o
 *fill*         0x08011659        0x3 00000000
 .rodata.__FUNCTION__.1
                0x0801165c       0x14 build\kernel\src\kservice.o
 .rodata.__FUNCTION__.0
                0x08011670        0xd build\kernel\src\kservice.o
 *fill*         0x0801167d        0x3 00000000
 .rodata.__FUNCTION__.6
                0x08011680       0x16 build\kernel\components\finsh\shell.o
 *fill*         0x08011696        0x2 00000000
 .rodata.__FUNCTION__.5
                0x08011698        0xe build\kernel\components\finsh\shell.o
 *fill*         0x080116a6        0x2 00000000
 .rodata.__FUNCTION__.4
                0x080116a8        0xd build\kernel\components\finsh\shell.o
 *fill*         0x080116b5        0x3 00000000
 .rodata.__FUNCTION__.3
                0x080116b8       0x11 build\kernel\components\finsh\shell.o
 *fill*         0x080116c9        0x3 00000000
 .rodata.name   0x080116cc       0x6d build\kernel\components\finsh\msh.o
                0x080116cc                __fsym_help_name
                0x080116d4                __fsym_help_desc
                0x080116ec                __fsym_ps_name
                0x080116f0                __fsym_ps_desc
                0x0801170c                __fsym_free_name
                0x08011714                __fsym_free_desc
 *fill*         0x08011739        0x3 00000000
 .rodata.__FUNCTION__.0
                0x0801173c        0xe build\kernel\components\finsh\msh.o
 *fill*         0x0801174a        0x2 00000000
 .rodata.name   0x0801174c      0x1a2 build\kernel\components\finsh\cmd.o
                0x0801174c                __fsym_clear_name
                0x08011754                __fsym_clear_desc
                0x08011770                __fsym_version_name
                0x08011778                __fsym_version_desc
                0x0801179c                __fsym_list_thread_name
                0x080117a8                __fsym_list_thread_desc
                0x080117b4                __fsym_list_sem_name
                0x080117c0                __fsym_list_sem_desc
                0x080117dc                __fsym_list_event_name
                0x080117e8                __fsym_list_event_desc
                0x08011800                __fsym_list_mutex_name
                0x0801180c                __fsym_list_mutex_desc
                0x08011824                __fsym_list_mailbox_name
                0x08011834                __fsym_list_mailbox_desc
                0x0801184c                __fsym_list_msgqueue_name
                0x0801185c                __fsym_list_msgqueue_desc
                0x0801187c                __fsym_list_mempool_name
                0x0801188c                __fsym_list_mempool_desc
                0x080118a8                __fsym_list_timer_name
                0x080118b4                __fsym_list_timer_desc
                0x080118cc                __fsym_list_device_name
                0x080118d8                __fsym_list_device_desc
 *fill*         0x080118ee        0x2 00000000
 .rodata.device_type_str
                0x080118f0       0x64 build\kernel\components\finsh\cmd.o
 .rodata.level_output_info
                0x08011954       0x20 build\kernel\components\utilities\ulog\ulog.o
 .rodata.color_output_info
                0x08011974       0x20 build\kernel\components\utilities\ulog\ulog.o
 .rodata.__FUNCTION__.14
                0x08011994        0xc build\kernel\components\utilities\ulog\ulog.o
 .rodata.__FUNCTION__.13
                0x080119a0        0xe build\kernel\components\utilities\ulog\ulog.o
 *fill*         0x080119ae        0x2 00000000
 .rodata.__FUNCTION__.8
                0x080119b0        0xd build\kernel\components\utilities\ulog\ulog.o
 *fill*         0x080119bd        0x3 00000000
 .rodata.__FUNCTION__.3
                0x080119c0       0x16 build\kernel\components\utilities\ulog\ulog.o
 *fill*         0x080119d6        0x2 00000000
 .rodata.pins   0x080119d8      0x4e0 libraries\gd32_drivers\drv_gpio.o
 .rodata.pin_irq_map
                0x08011eb8       0x40 libraries\gd32_drivers\drv_gpio.o
 .rodata.gd32_pin_ops
                0x08011ef8       0x1c libraries\gd32_drivers\drv_gpio.o
 .rodata.soft_spi_config
                0x08011f14       0x78 libraries\gd32_drivers\drv_soft_spi.o
 .rodata.__FUNCTION__.0
                0x08011f8c       0x18 libraries\gd32_drivers\drv_soft_spi.o
 .rodata.uart_config
                0x08011fa4       0x60 libraries\gd32_drivers\drv_usart.o
 .rodata.gd32_uart_ops
                0x08012004       0x14 libraries\gd32_drivers\drv_usart.o
 .rodata.__FUNCTION__.9
                0x08012018        0x9 libraries\gd32_drivers\drv_usart.o
 *fill*         0x08012021        0x3 00000000
 .rodata.__FUNCTION__.8
                0x08012024        0xb libraries\gd32_drivers\drv_usart.o
 *fill*         0x0801202f        0x1 00000000
 .rodata.__FUNCTION__.7
                0x08012030        0xb libraries\gd32_drivers\drv_usart.o
 *fill*         0x0801203b        0x1 00000000
 .rodata.__FUNCTION__.6
                0x0801203c       0x10 libraries\gd32_drivers\drv_usart.o
 .rodata.__FUNCTION__.5
                0x0801204c       0x14 libraries\gd32_drivers\drv_usart.o
 .rodata.__FUNCTION__.4
                0x08012060       0x12 libraries\gd32_drivers\drv_usart.o
 *fill*         0x08012072        0x2 00000000
 .rodata.__FUNCTION__.3
                0x08012074        0xf libraries\gd32_drivers\drv_usart.o
 *fill*         0x08012083        0x1 00000000
 .rodata.__FUNCTION__.2
                0x08012084        0xf libraries\gd32_drivers\drv_usart.o
 *fill*         0x08012093        0x1 00000000
 .rodata.__FUNCTION__.1
                0x08012094       0x12 libraries\gd32_drivers\drv_usart.o
 *fill*         0x080120a6        0x2 00000000
 .rodata.__FUNCTION__.0
                0x080120a8       0x13 libraries\gd32_drivers\drv_usart.o
 *fill*         0x080120bb        0x1 00000000
 .rodata.__FUNCTION__.6
                0x080120bc       0x13 build\kernel\components\drivers\ipc\dataqueue.o
 *fill*         0x080120cf        0x1 00000000
 .rodata.__FUNCTION__.5
                0x080120d0       0x13 build\kernel\components\drivers\ipc\dataqueue.o
 *fill*         0x080120e3        0x1 00000000
 .rodata.__FUNCTION__.4
                0x080120e4       0x12 build\kernel\components\drivers\ipc\dataqueue.o
 *fill*         0x080120f6        0x2 00000000
 .rodata.__FUNCTION__.3
                0x080120f8       0x13 build\kernel\components\drivers\ipc\dataqueue.o
 *fill*         0x0801210b        0x1 00000000
 .rodata.__FUNCTION__.2
                0x0801210c       0x14 build\kernel\components\drivers\ipc\dataqueue.o
 .rodata.__FUNCTION__.1
                0x08012120       0x15 build\kernel\components\drivers\ipc\dataqueue.o
 *fill*         0x08012135        0x3 00000000
 .rodata.__FUNCTION__.0
                0x08012138       0x12 build\kernel\components\drivers\ipc\dataqueue.o
 *fill*         0x0801214a        0x2 00000000
 .rodata.__FUNCTION__.10
                0x0801214c       0x18 build\kernel\components\drivers\ipc\workqueue.o
 .rodata.__FUNCTION__.0
                0x08012164       0x1b build\kernel\components\drivers\ipc\workqueue.o
 *fill*         0x0801217f        0x1 00000000
 .rodata.__FUNCTION__.2
                0x08012180       0x13 build\kernel\components\drivers\ipc\completion.o
 *fill*         0x08012193        0x1 00000000
 .rodata.__FUNCTION__.1
                0x08012194       0x13 build\kernel\components\drivers\ipc\completion.o
 *fill*         0x080121a7        0x1 00000000
 .rodata.__FUNCTION__.0
                0x080121a8       0x13 build\kernel\components\drivers\ipc\completion.o
 *fill*         0x080121bb        0x1 00000000
 .rodata.__FUNCTION__.9
                0x080121bc        0xa build\kernel\components\drivers\misc\pin.o
 *fill*         0x080121c6        0x2 00000000
 .rodata.__FUNCTION__.8
                0x080121c8        0xb build\kernel\components\drivers\misc\pin.o
 *fill*         0x080121d3        0x1 00000000
 .rodata.__FUNCTION__.7
                0x080121d4        0xd build\kernel\components\drivers\misc\pin.o
 *fill*         0x080121e1        0x3 00000000
 .rodata.__FUNCTION__.6
                0x080121e4       0x12 build\kernel\components\drivers\misc\pin.o
 *fill*         0x080121f6        0x2 00000000
 .rodata.__FUNCTION__.4
                0x080121f8       0x12 build\kernel\components\drivers\misc\pin.o
 *fill*         0x0801220a        0x2 00000000
 .rodata.__FUNCTION__.3
                0x0801220c        0xc build\kernel\components\drivers\misc\pin.o
 .rodata.__FUNCTION__.2
                0x08012218        0xd build\kernel\components\drivers\misc\pin.o
 *fill*         0x08012225        0x3 00000000
 .rodata.__FUNCTION__.15
                0x08012228       0x1d build\kernel\components\drivers\serial\serial.o
 *fill*         0x08012245        0x3 00000000
 .rodata.__FUNCTION__.14
                0x08012248       0x1d build\kernel\components\drivers\serial\serial.o
 *fill*         0x08012265        0x3 00000000
 .rodata.__FUNCTION__.13
                0x08012268       0x1d build\kernel\components\drivers\serial\serial.o
 *fill*         0x08012285        0x3 00000000
 .rodata.__FUNCTION__.12
                0x08012288        0xf build\kernel\components\drivers\serial\serial.o
 *fill*         0x08012297        0x1 00000000
 .rodata.__FUNCTION__.11
                0x08012298        0xf build\kernel\components\drivers\serial\serial.o
 *fill*         0x080122a7        0x1 00000000
 .rodata.__FUNCTION__.10
                0x080122a8       0x10 build\kernel\components\drivers\serial\serial.o
 .rodata.__FUNCTION__.9
                0x080122b8        0xf build\kernel\components\drivers\serial\serial.o
 *fill*         0x080122c7        0x1 00000000
 .rodata.__FUNCTION__.8
                0x080122c8        0xf build\kernel\components\drivers\serial\serial.o
 *fill*         0x080122d7        0x1 00000000
 .rodata.__FUNCTION__.7
                0x080122d8        0xf build\kernel\components\drivers\serial\serial.o
 *fill*         0x080122e7        0x1 00000000
 .rodata.__FUNCTION__.6
                0x080122e8       0x10 build\kernel\components\drivers\serial\serial.o
 .rodata.__FUNCTION__.5
                0x080122f8       0x10 build\kernel\components\drivers\serial\serial.o
 .rodata.__FUNCTION__.4
                0x08012308        0xf build\kernel\components\drivers\serial\serial.o
 *fill*         0x08012317        0x1 00000000
 .rodata.__FUNCTION__.3
                0x08012318       0x10 build\kernel\components\drivers\serial\serial.o
 .rodata.__FUNCTION__.2
                0x08012328       0x12 build\kernel\components\drivers\serial\serial.o
 *fill*         0x0801233a        0x2 00000000
 .rodata.__FUNCTION__.1
                0x0801233c       0x16 build\kernel\components\drivers\serial\serial.o
 *fill*         0x08012352        0x2 00000000
 .rodata.__FUNCTION__.0
                0x08012354       0x11 build\kernel\components\drivers\serial\serial.o
 *fill*         0x08012365        0x3 00000000
 .rodata.__FUNCTION__.8
                0x08012368       0x11 build\kernel\components\drivers\spi\spi_core.o
 *fill*         0x08012379        0x3 00000000
 .rodata.__FUNCTION__.6
                0x0801237c       0x16 build\kernel\components\drivers\spi\spi_core.o
 *fill*         0x08012392        0x2 00000000
 .rodata.__FUNCTION__.5
                0x08012394       0x10 build\kernel\components\drivers\spi\spi_core.o
 .rodata.__FUNCTION__.4
                0x080123a4       0x18 build\kernel\components\drivers\spi\spi_core.o
 .rodata.__FUNCTION__.5
                0x080123bc       0x15 build\kernel\components\drivers\spi\spi_dev.o
 *fill*         0x080123d1        0x3 00000000
 .rodata.__FUNCTION__.4
                0x080123d4       0x16 build\kernel\components\drivers\spi\spi_dev.o
 *fill*         0x080123ea        0x2 00000000
 .rodata.__FUNCTION__.3
                0x080123ec       0x17 build\kernel\components\drivers\spi\spi_dev.o
 *fill*         0x08012403        0x1 00000000